[7.09.2026 08:36:10] App.OnStartup fired.
[7.09.2026 08:36:10] Ctor: isSilent=False, Args=D:\Program Files\HaYTooL-YT-Downloader\bin\HaYTooLPlayer.dll
[7.09.2026 08:36:11] WebView2 Initialized.
[7.09.2026 08:36:11] NavCompleted: Success=True
[7.09.2026 08:36:51] App.OnStartup fired.
[7.09.2026 08:36:51] Ctor: isSilent=False, Args=D:\Program Files\HaYTooL-YT-Downloader\bin\HaYTooLPlayer.dll
[7.09.2026 08:36:51] WebView2 Initialized.
[7.09.2026 08:36:52] NavCompleted: Success=True
[7.09.2026 08:37:25] App.OnStartup fired.
[7.09.2026 08:37:25] Ctor: isSilent=False, Args=D:\Program Files\HaYTooL-YT-Downloader\bin\HaYTooLPlayer.dll
[7.09.2026 08:37:25] WebView2 Initialized.
[7.09.2026 08:37:25] NavCompleted: Success=True
[7.09.2026 08:40:24] App.OnStartup fired.
[7.09.2026 08:40:25] Ctor: isSilent=True, Args=D:\Program Files\HaYTooL-YT-Downloader\bin\HaYTooLPlayer.dll --silent-cookie-refresh
[7.09.2026 08:40:40] SilentTimeoutTimer fired, shutting down.
[7.09.2026 08:40:40] Window.Closed fired!
[7.09.2026 08:40:40] App.OnExit fired! ExitCode=0
[7.09.2026 08:40:40] ProcessExit fired!
[7.09.2026 08:41:53] App.OnStartup fired.
[7.09.2026 08:41:54] Ctor: isSilent=False, Args=D:\Program Files\HaYTooL-YT-Downloader\bin\HaYTooLPlayer.dll
[7.09.2026 08:41:54] WebView2 Initialized.
[7.09.2026 08:41:54] NavCompleted: Success=True
[7.09.2026 08:42:49] Window.Closed fired!
[7.09.2026 08:42:49] App.OnExit fired! ExitCode=0
[7.09.2026 08:42:49] ProcessExit fired!
[7.09.2026 08:44:03] App.OnStartup fired.
[7.09.2026 08:44:03] Ctor: isSilent=True, Args=D:\Program Files\HaYTooL-YT-Downloader\bin\HaYTooLPlayer.dll --silent-cookie-refresh
[7.09.2026 08:44:18] SilentTimeoutTimer fired, shutting down.
[7.09.2026 08:44:18] Window.Closed fired!
[7.09.2026 08:44:18] App.OnExit fired! ExitCode=0
[7.09.2026 08:44:18] ProcessExit fired!
[7.09.2026 08:44:54] App.OnStartup fired.
[7.09.2026 08:44:54] Ctor: isSilent=False, Args=D:\Program Files\HaYTooL-YT-Downloader\bin\HaYTooLPlayer.dll
[7.09.2026 08:44:55] WebView2 Initialized.
[7.09.2026 08:44:55] NavCompleted: Success=True
[7.09.2026 08:44:57] App.OnStartup fired.
[7.09.2026 08:44:57] Ctor: isSilent=True, Args=D:\Program Files\HaYTooL-YT-Downloader\bin\HaYTooLPlayer.dll --silent-cookie-refresh
[7.09.2026 08:45:12] SilentTimeoutTimer fired, shutting down.
[7.09.2026 08:45:12] Window.Closed fired!
[7.09.2026 08:45:12] App.OnExit fired! ExitCode=0
[7.09.2026 08:45:13] ProcessExit fired!
[7.09.2026 09:14:55] App.OnStartup fired.
[7.09.2026 09:14:55] Ctor: isSilent=True, Args=D:\Program Files\HaYTooL-YT-Downloader\bin\HaYTooLPlayer.dll --silent-cookie-refresh
[7.09.2026 09:15:10] SilentTimeoutTimer fired, shutting down.
[7.09.2026 09:15:10] Window.Closed fired!
[7.09.2026 09:15:10] App.OnExit fired! ExitCode=0
[7.09.2026 09:15:10] ProcessExit fired!
[7.09.2026 09:15:21] App.OnStartup fired.
[7.09.2026 09:15:21] Ctor: isSilent=False, Args=D:\Program Files\HaYTooL-YT-Downloader\bin\HaYTooLPlayer.dll https://accounts.google.com/ServiceLogin?service=youtube&continue=https%3A%2F%2Fwww.youtube.com
[7.09.2026 09:15:22] WebView2 Initialized.
[7.09.2026 09:15:24] NavCompleted: Success=True
[7.09.2026 09:15:28] Window.Closed fired!
[7.09.2026 09:15:28] App.OnExit fired! ExitCode=0
[7.09.2026 09:15:28] ProcessExit fired!
[7.09.2026 09:15:35] App.OnStartup fired.
[7.09.2026 09:15:35] Ctor: isSilent=False, Args=D:\Program Files\HaYTooL-YT-Downloader\bin\HaYTooLPlayer.dll https://accounts.google.com/ServiceLogin?service=youtube&continue=https%3A%2F%2Fwww.youtube.com
[7.09.2026 09:15:36] WebView2 Initialized.
[7.09.2026 09:15:37] NavCompleted: Success=True
[7.09.2026 09:15:53] NavCompleted: Success=True
[7.09.2026 09:15:55] Window.Closed fired!
[7.09.2026 09:15:55] App.OnExit fired! ExitCode=0
[7.09.2026 09:15:55] ProcessExit fired!
[7.09.2026 09:19:20] Window.Closed fired!
[7.09.2026 09:19:20] App.OnExit fired! ExitCode=0
[7.09.2026 09:19:20] ProcessExit fired!
[7.09.2026 09:19:24] App.OnStartup fired.
[7.09.2026 09:19:24] Ctor: isSilent=False, Args=D:\Program Files\HaYTooL-YT-Downloader\bin\HaYTooLPlayer.dll
[7.09.2026 09:19:25] WebView2 Initialized.
[7.09.2026 09:19:25] NavCompleted: Success=True
[7.09.2026 09:19:27] App.OnStartup fired.
[7.09.2026 09:19:27] Ctor: isSilent=True, Args=D:\Program Files\HaYTooL-YT-Downloader\bin\HaYTooLPlayer.dll --silent-cookie-refresh
[7.09.2026 09:19:42] SilentTimeoutTimer fired, shutting down.
[7.09.2026 09:19:42] Window.Closed fired!
[7.09.2026 09:19:42] App.OnExit fired! ExitCode=0
[7.09.2026 09:19:42] ProcessExit fired!
[7.09.2026 09:20:36] NavCompleted: Success=True
[7.09.2026 09:38:04] Window.Closed fired!
[7.09.2026 09:38:04] App.OnExit fired! ExitCode=0
[7.09.2026 09:38:04] ProcessExit fired!
[7.09.2026 09:38:05] App.OnStartup fired.
[7.09.2026 09:38:05] Ctor: isSilent=False, Args=D:\Program Files\HaYTooL-YT-Downloader\bin\HaYTooLPlayer.dll /downlist
[7.09.2026 09:38:06] WebView2 Initialized.
[7.09.2026 09:38:06] NavCompleted: Success=True
[7.09.2026 09:38:11] NavCompleted: Success=True
[7.09.2026 09:38:13] Window.Closed fired!
[7.09.2026 09:38:13] App.OnExit fired! ExitCode=0
[7.09.2026 09:38:13] ProcessExit fired!
[7.09.2026 14:22:22] App.OnStartup fired.
[7.09.2026 14:22:23] Ctor: isSilent=True, Args=D:\Program Files\HaYTooL-YT-Downloader\bin\HaYTooLPlayer.dll --silent-cookie-refresh
[7.09.2026 14:22:38] SilentTimeoutTimer fired, shutting down.
[7.09.2026 14:22:38] Window.Closed fired!
[7.09.2026 14:22:38] App.OnExit fired! ExitCode=0
[7.09.2026 14:22:38] ProcessExit fired!
[7.09.2026 14:23:08] App.OnStartup fired.
[7.09.2026 14:23:09] Ctor: isSilent=False, Args=D:\Program Files\HaYTooL-YT-Downloader\bin\HaYTooLPlayer.dll /downlist
[7.09.2026 14:23:09] WebView2 Initialized.
[7.09.2026 14:23:09] NavCompleted: Success=True
[7.09.2026 14:32:05] App.OnStartup fired.
[7.09.2026 14:32:05] Ctor: isSilent=False, Args=D:\Program Files\HaYTooL-YT-Downloader\bin\HaYTooLPlayer.dll https://accounts.google.com/ServiceLogin?service=youtube&continue=https%3A%2F%2Fwww.youtube.com
[7.09.2026 14:32:05] WebView2 Initialized.
[7.09.2026 14:32:08] NavCompleted: Success=True
[7.09.2026 14:32:50] Window.Closed fired!
[7.09.2026 14:32:50] App.OnExit fired! ExitCode=0
[7.09.2026 14:32:50] ProcessExit fired!
[7.09.2026 14:52:20] App.OnStartup fired.
[7.09.2026 14:52:21] Ctor: isSilent=True, Args=D:\Program Files\HaYTooL-YT-Downloader\bin\HaYTooLPlayer.dll --silent-cookie-refresh
[7.09.2026 14:52:36] SilentTimeoutTimer fired, shutting down.
[7.09.2026 14:52:36] Window.Closed fired!
[7.09.2026 14:52:36] App.OnExit fired! ExitCode=0
[7.09.2026 14:52:36] ProcessExit fired!
[7.09.2026 15:22:20] App.OnStartup fired.
[7.09.2026 15:22:21] Ctor: isSilent=True, Args=D:\Program Files\HaYTooL-YT-Downloader\bin\HaYTooLPlayer.dll --silent-cookie-refresh
[7.09.2026 15:22:36] SilentTimeoutTimer fired, shutting down.
[7.09.2026 15:22:36] Window.Closed fired!
[7.09.2026 15:22:36] App.OnExit fired! ExitCode=0
[7.09.2026 15:22:36] ProcessExit fired!
[7.09.2026 15:29:56] NavCompleted: Success=True
[7.09.2026 15:52:20] App.OnStartup fired.
[7.09.2026 15:52:21] Ctor: isSilent=True, Args=D:\Program Files\HaYTooL-YT-Downloader\bin\HaYTooLPlayer.dll --silent-cookie-refresh
[7.09.2026 15:52:36] SilentTimeoutTimer fired, shutting down.
[7.09.2026 15:52:36] Window.Closed fired!
[7.09.2026 15:52:36] App.OnExit fired! ExitCode=0
[7.09.2026 15:52:36] ProcessExit fired!
[7.09.2026 16:22:20] App.OnStartup fired.
[7.09.2026 16:22:21] Ctor: isSilent=True, Args=D:\Program Files\HaYTooL-YT-Downloader\bin\HaYTooLPlayer.dll --silent-cookie-refresh
[7.09.2026 16:22:36] SilentTimeoutTimer fired, shutting down.
[7.09.2026 16:22:36] Window.Closed fired!
[7.09.2026 16:22:36] App.OnExit fired! ExitCode=0
[7.09.2026 16:22:36] ProcessExit fired!
[7.09.2026 16:52:21] App.OnStartup fired.
[7.09.2026 16:52:21] Ctor: isSilent=True, Args=D:\Program Files\HaYTooL-YT-Downloader\bin\HaYTooLPlayer.dll --silent-cookie-refresh
[7.09.2026 16:52:36] SilentTimeoutTimer fired, shutting down.
[7.09.2026 16:52:36] Window.Closed fired!
[7.09.2026 16:52:36] App.OnExit fired! ExitCode=0
[7.09.2026 16:52:36] ProcessExit fired!
[8.09.2026 00:29:37] App.OnStartup fired.
[8.09.2026 00:29:37] Ctor: isSilent=True, Args=D:\Program Files\HaYTooL-YT-Downloader\bin\HaYTooLPlayer.dll --silent-cookie-refresh
[8.09.2026 00:29:53] SilentTimeoutTimer fired, shutting down.
[8.09.2026 00:29:53] Window.Closed fired!
[8.09.2026 00:29:53] App.OnExit fired! ExitCode=0
[8.09.2026 00:29:53] ProcessExit fired!
[8.09.2026 00:59:35] App.OnStartup fired.
[8.09.2026 00:59:35] Ctor: isSilent=True, Args=D:\Program Files\HaYTooL-YT-Downloader\bin\HaYTooLPlayer.dll --silent-cookie-refresh
[8.09.2026 00:59:50] SilentTimeoutTimer fired, shutting down.
[8.09.2026 00:59:50] Window.Closed fired!
[8.09.2026 00:59:50] App.OnExit fired! ExitCode=0
[8.09.2026 00:59:50] ProcessExit fired!
[8.09.2026 01:26:24] App.OnStartup fired.
[8.09.2026 01:26:24] Ctor: isSilent=False, Args=D:\Program Files\HaYTooL-YT-Downloader\bin\HaYTooLPlayer.dll
[8.09.2026 01:26:25] WebView2 Initialized.
[8.09.2026 01:26:27] NavCompleted: Success=True
[8.09.2026 01:29:34] App.OnStartup fired.
[8.09.2026 01:29:35] Ctor: isSilent=True, Args=D:\Program Files\HaYTooL-YT-Downloader\bin\HaYTooLPlayer.dll --silent-cookie-refresh
[8.09.2026 01:29:50] SilentTimeoutTimer fired, shutting down.
[8.09.2026 01:29:50] Window.Closed fired!
[8.09.2026 01:29:50] App.OnExit fired! ExitCode=0
[8.09.2026 01:29:50] ProcessExit fired!
[8.09.2026 01:59:34] App.OnStartup fired.
[8.09.2026 01:59:35] Ctor: isSilent=True, Args=D:\Program Files\HaYTooL-YT-Downloader\bin\HaYTooLPlayer.dll --silent-cookie-refresh
[8.09.2026 01:59:50] SilentTimeoutTimer fired, shutting down.
[8.09.2026 01:59:50] Window.Closed fired!
[8.09.2026 01:59:50] App.OnExit fired! ExitCode=0
[8.09.2026 01:59:50] ProcessExit fired!
[8.09.2026 01:59:59] App.OnStartup fired.
[8.09.2026 01:59:59] Ctor: isSilent=False, Args=D:\Program Files\HaYTooL-YT-Downloader\bin\HaYTooLPlayer.dll https://accounts.google.com/ServiceLogin?service=youtube&continue=https%3A%2F%2Fwww.youtube.com
[8.09.2026 02:00:00] WebView2 Initialized.
[8.09.2026 02:00:03] NavCompleted: Success=True
[8.09.2026 02:00:03] Window.Closed fired!
[8.09.2026 02:00:03] App.OnExit fired! ExitCode=0
[8.09.2026 02:00:03] ProcessExit fired!
[8.09.2026 02:29:35] App.OnStartup fired.
[8.09.2026 02:29:35] Ctor: isSilent=True, Args=D:\Program Files\HaYTooL-YT-Downloader\bin\HaYTooLPlayer.dll --silent-cookie-refresh
[8.09.2026 02:29:50] SilentTimeoutTimer fired, shutting down.
[8.09.2026 02:29:50] Window.Closed fired!
[8.09.2026 02:29:50] App.OnExit fired! ExitCode=0
[8.09.2026 02:29:50] ProcessExit fired!
[8.09.2026 02:59:35] App.OnStartup fired.
[8.09.2026 02:59:35] Ctor: isSilent=True, Args=D:\Program Files\HaYTooL-YT-Downloader\bin\HaYTooLPlayer.dll --silent-cookie-refresh
[8.09.2026 02:59:50] SilentTimeoutTimer fired, shutting down.
[8.09.2026 02:59:50] Window.Closed fired!
[8.09.2026 02:59:50] App.OnExit fired! ExitCode=0
[8.09.2026 02:59:50] ProcessExit fired!
[8.09.2026 03:29:35] App.OnStartup fired.
[8.09.2026 03:29:35] Ctor: isSilent=True, Args=D:\Program Files\HaYTooL-YT-Downloader\bin\HaYTooLPlayer.dll --silent-cookie-refresh
[8.09.2026 03:29:50] SilentTimeoutTimer fired, shutting down.
[8.09.2026 03:29:50] Window.Closed fired!
[8.09.2026 03:29:50] App.OnExit fired! ExitCode=0
[8.09.2026 03:29:50] ProcessExit fired!
[8.09.2026 03:59:35] App.OnStartup fired.
[8.09.2026 03:59:35] Ctor: isSilent=True, Args=D:\Program Files\HaYTooL-YT-Downloader\bin\HaYTooLPlayer.dll --silent-cookie-refresh
[8.09.2026 03:59:50] SilentTimeoutTimer fired, shutting down.
[8.09.2026 03:59:50] Window.Closed fired!
[8.09.2026 03:59:50] App.OnExit fired! ExitCode=0
[8.09.2026 03:59:50] ProcessExit fired!
[8.09.2026 03:59:59] App.OnStartup fired.
[8.09.2026 03:59:59] Ctor: isSilent=False, Args=D:\Program Files\HaYTooL-YT-Downloader\bin\HaYTooLPlayer.dll https://accounts.google.com/ServiceLogin?service=youtube&continue=https%3A%2F%2Fwww.youtube.com
[8.09.2026 04:00:00] WebView2 Initialized.
[8.09.2026 04:00:02] NavCompleted: Success=True
[8.09.2026 04:00:15] Window.Closed fired!
[8.09.2026 04:00:15] App.OnExit fired! ExitCode=0
[8.09.2026 04:00:15] ProcessExit fired!
[8.09.2026 14:20:59] App.OnStartup fired.
[8.09.2026 14:20:59] Ctor: isSilent=True, Args=D:\Program Files\HaYTooL-YT-Downloader\bin\HaYTooLPlayer.dll --silent-cookie-refresh
[8.09.2026 14:21:14] SilentTimeoutTimer fired, shutting down.
[8.09.2026 14:21:14] Window.Closed fired!
[8.09.2026 14:21:14] App.OnExit fired! ExitCode=0
[8.09.2026 14:21:14] ProcessExit fired!
[8.09.2026 14:50:58] App.OnStartup fired.
[8.09.2026 14:50:58] Ctor: isSilent=True, Args=D:\Program Files\HaYTooL-YT-Downloader\bin\HaYTooLPlayer.dll --silent-cookie-refresh
[8.09.2026 14:51:13] SilentTimeoutTimer fired, shutting down.
[8.09.2026 14:51:13] Window.Closed fired!
[8.09.2026 14:51:13] App.OnExit fired! ExitCode=0
[8.09.2026 14:51:14] ProcessExit fired!
[8.09.2026 15:20:56] App.OnStartup fired.
[8.09.2026 15:20:57] Ctor: isSilent=True, Args=D:\Program Files\HaYTooL-YT-Downloader\bin\HaYTooLPlayer.dll --silent-cookie-refresh
[8.09.2026 15:21:12] SilentTimeoutTimer fired, shutting down.
[8.09.2026 15:21:12] Window.Closed fired!
[8.09.2026 15:21:12] App.OnExit fired! ExitCode=0
[8.09.2026 15:21:12] ProcessExit fired!
[8.09.2026 15:25:34] App.OnStartup fired.
[8.09.2026 15:25:34] Ctor: isSilent=False, Args=D:\Program Files\HaYTooL-YT-Downloader\bin\HaYTooLPlayer.dll
[8.09.2026 15:25:35] WebView2 Initialized.
[8.09.2026 15:25:35] NavCompleted: Success=True
[9.09.2026 00:02:19] App.OnStartup fired.
[9.09.2026 00:02:20] Ctor: isSilent=True, Args=D:\Program Files\HaYTooL-YT-Downloader\bin\HaYTooLPlayer.dll --silent-cookie-refresh
[9.09.2026 00:02:35] SilentTimeoutTimer fired, shutting down.
[9.09.2026 00:02:35] Window.Closed fired!
[9.09.2026 00:02:35] App.OnExit fired! ExitCode=0
[9.09.2026 00:02:35] ProcessExit fired!
[9.09.2026 00:32:17] App.OnStartup fired.
[9.09.2026 00:32:17] Ctor: isSilent=True, Args=D:\Program Files\HaYTooL-YT-Downloader\bin\HaYTooLPlayer.dll --silent-cookie-refresh
[9.09.2026 00:32:32] SilentTimeoutTimer fired, shutting down.
[9.09.2026 00:32:32] Window.Closed fired!
[9.09.2026 00:32:32] App.OnExit fired! ExitCode=0
[9.09.2026 00:32:32] ProcessExit fired!
[9.09.2026 01:02:17] App.OnStartup fired.
[9.09.2026 01:02:17] Ctor: isSilent=True, Args=D:\Program Files\HaYTooL-YT-Downloader\bin\HaYTooLPlayer.dll --silent-cookie-refresh
[9.09.2026 01:02:32] SilentTimeoutTimer fired, shutting down.
[9.09.2026 01:02:32] Window.Closed fired!
[9.09.2026 01:02:32] App.OnExit fired! ExitCode=0
[9.09.2026 01:02:32] ProcessExit fired!
[9.09.2026 01:32:17] App.OnStartup fired.
[9.09.2026 01:32:17] Ctor: isSilent=True, Args=D:\Program Files\HaYTooL-YT-Downloader\bin\HaYTooLPlayer.dll --silent-cookie-refresh
[9.09.2026 01:32:32] SilentTimeoutTimer fired, shutting down.
[9.09.2026 01:32:32] Window.Closed fired!
[9.09.2026 01:32:32] App.OnExit fired! ExitCode=0
[9.09.2026 01:32:32] ProcessExit fired!
[9.09.2026 02:02:17] App.OnStartup fired.
[9.09.2026 02:02:17] Ctor: isSilent=True, Args=D:\Program Files\HaYTooL-YT-Downloader\bin\HaYTooLPlayer.dll --silent-cookie-refresh
[9.09.2026 02:02:32] SilentTimeoutTimer fired, shutting down.
[9.09.2026 02:02:32] Window.Closed fired!
[9.09.2026 02:02:32] App.OnExit fired! ExitCode=0
[9.09.2026 02:02:32] ProcessExit fired!
[9.09.2026 02:32:17] App.OnStartup fired.
[9.09.2026 02:32:17] Ctor: isSilent=True, Args=D:\Program Files\HaYTooL-YT-Downloader\bin\HaYTooLPlayer.dll --silent-cookie-refresh
[9.09.2026 02:32:32] SilentTimeoutTimer fired, shutting down.
[9.09.2026 02:32:32] Window.Closed fired!
[9.09.2026 02:32:32] App.OnExit fired! ExitCode=0
[9.09.2026 02:32:32] ProcessExit fired!
[9.09.2026 03:02:17] App.OnStartup fired.
[9.09.2026 03:02:17] Ctor: isSilent=True, Args=D:\Program Files\HaYTooL-YT-Downloader\bin\HaYTooLPlayer.dll --silent-cookie-refresh
[9.09.2026 03:02:32] SilentTimeoutTimer fired, shutting down.
[9.09.2026 03:02:32] Window.Closed fired!
[9.09.2026 03:02:32] App.OnExit fired! ExitCode=0
[9.09.2026 03:02:32] ProcessExit fired!
[9.09.2026 03:32:17] App.OnStartup fired.
[9.09.2026 03:32:17] Ctor: isSilent=True, Args=D:\Program Files\HaYTooL-YT-Downloader\bin\HaYTooLPlayer.dll --silent-cookie-refresh
[9.09.2026 03:32:32] SilentTimeoutTimer fired, shutting down.
[9.09.2026 03:32:32] Window.Closed fired!
[9.09.2026 03:32:32] App.OnExit fired! ExitCode=0
[9.09.2026 03:32:32] ProcessExit fired!
[9.09.2026 04:02:17] App.OnStartup fired.
[9.09.2026 04:02:17] Ctor: isSilent=True, Args=D:\Program Files\HaYTooL-YT-Downloader\bin\HaYTooLPlayer.dll --silent-cookie-refresh
[9.09.2026 04:02:32] SilentTimeoutTimer fired, shutting down.
[9.09.2026 04:02:32] Window.Closed fired!
[9.09.2026 04:02:32] App.OnExit fired! ExitCode=0
[9.09.2026 04:02:32] ProcessExit fired!
[10.09.2026 01:36:12] App.OnStartup fired.
[10.09.2026 01:36:13] Ctor: isSilent=True, Args=D:\Program Files\HaYTooL-YT-Downloader\bin\HaYTooLPlayer.dll --silent-cookie-refresh
[10.09.2026 01:36:28] SilentTimeoutTimer fired, shutting down.
[10.09.2026 01:36:28] Window.Closed fired!
[10.09.2026 01:36:28] App.OnExit fired! ExitCode=0
[10.09.2026 01:36:28] ProcessExit fired!
[10.09.2026 01:39:43] App.OnStartup fired.
[10.09.2026 01:39:43] Ctor: isSilent=False, Args=D:\Program Files\HaYTooL-YT-Downloader\bin\HaYTooLPlayer.dll /downlist
[10.09.2026 01:39:44] WebView2 Initialized.
[10.09.2026 01:39:45] NavCompleted: Success=True
[10.09.2026 01:52:45] NavCompleted: Success=True
[10.09.2026 02:06:09] App.OnStartup fired.
[10.09.2026 02:06:09] Ctor: isSilent=True, Args=D:\Program Files\HaYTooL-YT-Downloader\bin\HaYTooLPlayer.dll --silent-cookie-refresh
[10.09.2026 02:06:24] SilentTimeoutTimer fired, shutting down.
[10.09.2026 02:06:24] Window.Closed fired!
[10.09.2026 02:06:24] App.OnExit fired! ExitCode=0
[10.09.2026 02:06:24] ProcessExit fired!
[10.09.2026 02:06:34] App.OnStartup fired.
[10.09.2026 02:06:34] Ctor: isSilent=False, Args=D:\Program Files\HaYTooL-YT-Downloader\bin\HaYTooLPlayer.dll https://accounts.google.com/ServiceLogin?service=youtube&continue=https%3A%2F%2Fwww.youtube.com
[10.09.2026 02:06:35] WebView2 Initialized.
[10.09.2026 02:06:39] NavCompleted: Success=True
[10.09.2026 02:06:44] Window.Closed fired!
[10.09.2026 02:06:44] App.OnExit fired! ExitCode=0
[10.09.2026 02:06:44] ProcessExit fired!
[10.09.2026 02:36:09] App.OnStartup fired.
[10.09.2026 02:36:09] Ctor: isSilent=True, Args=D:\Program Files\HaYTooL-YT-Downloader\bin\HaYTooLPlayer.dll --silent-cookie-refresh
[10.09.2026 02:36:24] SilentTimeoutTimer fired, shutting down.
[10.09.2026 02:36:24] Window.Closed fired!
[10.09.2026 02:36:24] App.OnExit fired! ExitCode=0
[10.09.2026 02:36:24] ProcessExit fired!
[10.09.2026 03:06:09] App.OnStartup fired.
[10.09.2026 03:06:09] Ctor: isSilent=True, Args=D:\Program Files\HaYTooL-YT-Downloader\bin\HaYTooLPlayer.dll --silent-cookie-refresh
[10.09.2026 03:06:24] SilentTimeoutTimer fired, shutting down.
[10.09.2026 03:06:24] Window.Closed fired!
[10.09.2026 03:06:24] App.OnExit fired! ExitCode=0
[10.09.2026 03:06:24] ProcessExit fired!
[10.09.2026 03:36:09] App.OnStartup fired.
[10.09.2026 03:36:09] Ctor: isSilent=True, Args=D:\Program Files\HaYTooL-YT-Downloader\bin\HaYTooLPlayer.dll --silent-cookie-refresh
[10.09.2026 03:36:24] SilentTimeoutTimer fired, shutting down.
[10.09.2026 03:36:24] Window.Closed fired!
[10.09.2026 03:36:24] App.OnExit fired! ExitCode=0
[10.09.2026 03:36:24] ProcessExit fired!
[10.09.2026 03:58:28] Window.Closed fired!
[10.09.2026 03:58:28] App.OnExit fired! ExitCode=0
[10.09.2026 07:30:37] App.OnStartup fired.
[10.09.2026 07:30:37] Ctor: isSilent=True, Args=D:\Program Files\HaYTooL-YT-Downloader\bin\HaYTooLPlayer.dll --silent-cookie-refresh
[10.09.2026 07:30:52] SilentTimeoutTimer fired, shutting down.
[10.09.2026 07:30:52] Window.Closed fired!
[10.09.2026 07:30:52] App.OnExit fired! ExitCode=0
[10.09.2026 07:30:52] ProcessExit fired!
[10.09.2026 07:31:05] App.OnStartup fired.
[10.09.2026 07:31:05] Ctor: isSilent=False, Args=D:\Program Files\HaYTooL-YT-Downloader\bin\HaYTooLPlayer.dll
[10.09.2026 07:31:06] WebView2 Initialized.
[10.09.2026 07:31:09] NavCompleted: Success=True
[10.09.2026 07:56:10] Window.Closed fired!
[10.09.2026 09:49:39] App.OnStartup fired.
[10.09.2026 09:49:40] Ctor: isSilent=True, Args=D:\Program Files\HaYTooL-YT-Downloader\bin\HaYTooLPlayer.dll --silent-cookie-refresh
[10.09.2026 09:49:55] SilentTimeoutTimer fired, shutting down.
[10.09.2026 09:49:55] Window.Closed fired!
[10.09.2026 09:49:55] App.OnExit fired! ExitCode=0
[10.09.2026 09:49:55] ProcessExit fired!
[10.09.2026 10:31:27] App.OnStartup fired.
[10.09.2026 10:31:30] Ctor: isSilent=True, Args=D:\Program Files\HaYTooL-YT-Downloader\bin\HaYTooLPlayer.dll --silent-cookie-refresh
[10.09.2026 10:31:45] SilentTimeoutTimer fired, shutting down.
[10.09.2026 10:31:45] Window.Closed fired!
[10.09.2026 10:31:45] App.OnExit fired! ExitCode=0
[10.09.2026 10:31:45] ProcessExit fired!
[10.09.2026 11:01:25] App.OnStartup fired.
[10.09.2026 11:01:25] Ctor: isSilent=True, Args=D:\Program Files\HaYTooL-YT-Downloader\bin\HaYTooLPlayer.dll --silent-cookie-refresh
[10.09.2026 11:01:40] SilentTimeoutTimer fired, shutting down.
[10.09.2026 11:01:40] Window.Closed fired!
[10.09.2026 11:01:40] App.OnExit fired! ExitCode=0
[10.09.2026 11:01:40] ProcessExit fired!
[10.09.2026 14:05:29] App.OnStartup fired.
[10.09.2026 14:05:30] Ctor: isSilent=True, Args=D:\Program Files\HaYTooL-YT-Downloader\bin\HaYTooLPlayer.dll --silent-cookie-refresh
[10.09.2026 14:05:45] SilentTimeoutTimer fired, shutting down.
[10.09.2026 14:05:45] Window.Closed fired!
[10.09.2026 14:05:45] App.OnExit fired! ExitCode=0
[10.09.2026 14:05:45] ProcessExit fired!
[10.09.2026 17:13:47] App.OnStartup fired.
[10.09.2026 17:13:48] Ctor: isSilent=True, Args=D:\Program Files\HaYTooL-YT-Downloader\bin\HaYTooLPlayer.dll --silent-cookie-refresh
[10.09.2026 17:14:03] SilentTimeoutTimer fired, shutting down.
[10.09.2026 17:14:03] Window.Closed fired!
[10.09.2026 17:14:03] App.OnExit fired! ExitCode=0
[10.09.2026 17:14:05] ProcessExit fired!
[10.09.2026 17:14:34] App.OnStartup fired.
[10.09.2026 17:14:35] Ctor: isSilent=False, Args=D:\Program Files\HaYTooL-YT-Downloader\bin\HaYTooLPlayer.dll
[10.09.2026 17:14:36] WebView2 Initialized.
[10.09.2026 17:14:37] NavCompleted: Success=True
[10.09.2026 17:34:52] App.OnStartup fired.
[10.09.2026 17:34:53] Ctor: isSilent=True, Args=D:\Program Files\HaYTooL-YT-Downloader\bin\HaYTooLPlayer.dll --silent-cookie-refresh
[10.09.2026 17:35:08] SilentTimeoutTimer fired, shutting down.
[10.09.2026 17:35:08] Window.Closed fired!
[10.09.2026 17:35:08] App.OnExit fired! ExitCode=0
[10.09.2026 17:35:08] ProcessExit fired!
[10.09.2026 17:41:07] App.OnStartup fired.
[10.09.2026 17:41:08] Ctor: isSilent=False, Args=D:\Program Files\HaYTooL-YT-Downloader\bin\HaYTooLPlayer.dll /downlist
[10.09.2026 17:41:09] WebView2 Initialized.
[10.09.2026 17:41:09] NavCompleted: Success=True
[10.09.2026 18:04:50] App.OnStartup fired.
[10.09.2026 18:04:51] Ctor: isSilent=True, Args=D:\Program Files\HaYTooL-YT-Downloader\bin\HaYTooLPlayer.dll --silent-cookie-refresh
[10.09.2026 18:05:06] SilentTimeoutTimer fired, shutting down.
[10.09.2026 18:05:06] Window.Closed fired!
[10.09.2026 18:05:06] App.OnExit fired! ExitCode=0
[10.09.2026 18:05:06] ProcessExit fired!
[10.09.2026 18:34:50] App.OnStartup fired.
[10.09.2026 18:34:51] Ctor: isSilent=True, Args=D:\Program Files\HaYTooL-YT-Downloader\bin\HaYTooLPlayer.dll --silent-cookie-refresh
[10.09.2026 18:35:06] SilentTimeoutTimer fired, shutting down.
[10.09.2026 18:35:06] Window.Closed fired!
[10.09.2026 18:35:06] App.OnExit fired! ExitCode=0
[10.09.2026 18:35:06] ProcessExit fired!
[10.09.2026 23:18:01] App.OnStartup fired.
[10.09.2026 23:18:01] Ctor: isSilent=True, Args=D:\Program Files\HaYTooL-YT-Downloader\bin\HaYTooLPlayer.dll --silent-cookie-refresh
[10.09.2026 23:18:16] SilentTimeoutTimer fired, shutting down.
[10.09.2026 23:18:16] Window.Closed fired!
[10.09.2026 23:18:16] App.OnExit fired! ExitCode=0
[10.09.2026 23:18:16] ProcessExit fired!
[10.09.2026 23:28:12] App.OnStartup fired.
[10.09.2026 23:28:13] Ctor: isSilent=False, Args=D:\Program Files\HaYTooL-YT-Downloader\bin\HaYTooLPlayer.dll
[10.09.2026 23:28:13] WebView2 Initialized.
[10.09.2026 23:28:14] NavCompleted: Success=True
[10.09.2026 23:47:58] App.OnStartup fired.
[10.09.2026 23:47:59] Ctor: isSilent=True, Args=D:\Program Files\HaYTooL-YT-Downloader\bin\HaYTooLPlayer.dll --silent-cookie-refresh
[10.09.2026 23:48:14] SilentTimeoutTimer fired, shutting down.
[10.09.2026 23:48:14] Window.Closed fired!
[10.09.2026 23:48:14] App.OnExit fired! ExitCode=0
[10.09.2026 23:48:14] ProcessExit fired!
[11.09.2026 00:04:52] App.OnStartup fired.
[11.09.2026 00:04:53] Ctor: isSilent=False, Args=D:\Program Files\HaYTooL-YT-Downloader\bin\HaYTooLPlayer.dll https://accounts.google.com/ServiceLogin?service=youtube&continue=https%3A%2F%2Fwww.youtube.com
[11.09.2026 00:04:53] WebView2 Initialized.
[11.09.2026 00:04:57] NavCompleted: Success=True
[11.09.2026 00:04:58] Window.Closed fired!
[11.09.2026 00:04:58] App.OnExit fired! ExitCode=0
[11.09.2026 00:04:58] ProcessExit fired!
[11.09.2026 00:17:58] App.OnStartup fired.
[11.09.2026 00:17:59] Ctor: isSilent=True, Args=D:\Program Files\HaYTooL-YT-Downloader\bin\HaYTooLPlayer.dll --silent-cookie-refresh
[11.09.2026 00:18:14] SilentTimeoutTimer fired, shutting down.
[11.09.2026 00:18:14] Window.Closed fired!
[11.09.2026 00:18:14] App.OnExit fired! ExitCode=0
[11.09.2026 00:18:14] ProcessExit fired!
[11.09.2026 00:29:00] Window.Closed fired!
[11.09.2026 00:29:00] App.OnExit fired! ExitCode=0
[11.09.2026 00:29:00] ProcessExit fired!
[11.09.2026 00:30:06] App.OnStartup fired.
[11.09.2026 00:30:06] Ctor: isSilent=False, Args=D:\Program Files\HaYTooL-YT-Downloader\bin\HaYTooLPlayer.dll
[11.09.2026 00:30:07] WebView2 Initialized.
[11.09.2026 00:30:07] NavCompleted: Success=True
[11.09.2026 00:47:58] App.OnStartup fired.
[11.09.2026 00:47:59] Ctor: isSilent=True, Args=D:\Program Files\HaYTooL-YT-Downloader\bin\HaYTooLPlayer.dll --silent-cookie-refresh
[11.09.2026 00:48:14] SilentTimeoutTimer fired, shutting down.
[11.09.2026 00:48:14] Window.Closed fired!
[11.09.2026 00:48:14] App.OnExit fired! ExitCode=0
[11.09.2026 00:48:14] ProcessExit fired!
[11.09.2026 01:17:58] App.OnStartup fired.
[11.09.2026 01:17:59] Ctor: isSilent=True, Args=D:\Program Files\HaYTooL-YT-Downloader\bin\HaYTooLPlayer.dll --silent-cookie-refresh
[11.09.2026 01:18:14] SilentTimeoutTimer fired, shutting down.
[11.09.2026 01:18:14] Window.Closed fired!
[11.09.2026 01:18:14] App.OnExit fired! ExitCode=0
[11.09.2026 01:18:14] ProcessExit fired!
[11.09.2026 01:47:58] App.OnStartup fired.
[11.09.2026 01:47:59] Ctor: isSilent=True, Args=D:\Program Files\HaYTooL-YT-Downloader\bin\HaYTooLPlayer.dll --silent-cookie-refresh
[11.09.2026 01:48:14] SilentTimeoutTimer fired, shutting down.
[11.09.2026 01:48:14] Window.Closed fired!
[11.09.2026 01:48:14] App.OnExit fired! ExitCode=0
[11.09.2026 01:48:14] ProcessExit fired!
[11.09.2026 21:10:53] App.OnStartup fired.
[11.09.2026 21:10:54] Ctor: isSilent=True, Args=D:\Program Files\HaYTooL-YT-Downloader\bin\HaYTooLPlayer.dll --silent-cookie-refresh
[11.09.2026 21:11:09] SilentTimeoutTimer fired, shutting down.
[11.09.2026 21:11:09] Window.Closed fired!
[11.09.2026 21:11:09] App.OnExit fired! ExitCode=0
[11.09.2026 21:11:09] ProcessExit fired!
[11.09.2026 22:24:20] App.OnStartup fired.
[11.09.2026 22:24:23] Ctor: isSilent=True, Args=D:\Program Files\HaYTooL-YT-Downloader\bin\HaYTooLPlayer.dll --silent-cookie-refresh
[11.09.2026 22:24:38] SilentTimeoutTimer fired, shutting down.
[11.09.2026 22:24:38] Window.Closed fired!
[11.09.2026 22:24:38] App.OnExit fired! ExitCode=0
[11.09.2026 22:24:38] ProcessExit fired!
[11.09.2026 22:27:06] App.OnStartup fired.
[11.09.2026 22:27:07] Ctor: isSilent=True, Args=D:\Program Files\HaYTooL-YT-Downloader\bin\HaYTooLPlayer.dll --silent-cookie-refresh
[11.09.2026 22:27:22] SilentTimeoutTimer fired, shutting down.
[11.09.2026 22:27:22] Window.Closed fired!
[11.09.2026 22:27:22] App.OnExit fired! ExitCode=0
[11.09.2026 22:27:22] ProcessExit fired!
[11.09.2026 22:47:23] App.OnStartup fired.
[11.09.2026 22:47:23] Ctor: isSilent=False, Args=D:\Program Files\HaYTooL-YT-Downloader\bin\HaYTooLPlayer.dll
[11.09.2026 22:47:24] WebView2 Initialized.
[11.09.2026 22:47:24] NavCompleted: Success=True
[11.09.2026 22:57:04] App.OnStartup fired.
[11.09.2026 22:57:05] Ctor: isSilent=True, Args=D:\Program Files\HaYTooL-YT-Downloader\bin\HaYTooLPlayer.dll --silent-cookie-refresh
[11.09.2026 22:57:20] SilentTimeoutTimer fired, shutting down.
[11.09.2026 22:57:20] Window.Closed fired!
[11.09.2026 22:57:20] App.OnExit fired! ExitCode=0
[11.09.2026 22:57:20] ProcessExit fired!
[11.09.2026 23:27:04] App.OnStartup fired.
[11.09.2026 23:27:05] Ctor: isSilent=True, Args=D:\Program Files\HaYTooL-YT-Downloader\bin\HaYTooLPlayer.dll --silent-cookie-refresh
[11.09.2026 23:27:20] SilentTimeoutTimer fired, shutting down.
[11.09.2026 23:27:20] Window.Closed fired!
[11.09.2026 23:27:20] App.OnExit fired! ExitCode=0
[11.09.2026 23:27:20] ProcessExit fired!
[11.09.2026 23:57:04] App.OnStartup fired.
[11.09.2026 23:57:04] Ctor: isSilent=True, Args=D:\Program Files\HaYTooL-YT-Downloader\bin\HaYTooLPlayer.dll --silent-cookie-refresh
[11.09.2026 23:57:19] SilentTimeoutTimer fired, shutting down.
[11.09.2026 23:57:19] Window.Closed fired!
[11.09.2026 23:57:19] App.OnExit fired! ExitCode=0
[11.09.2026 23:57:19] ProcessExit fired!
[12.09.2026 00:27:04] App.OnStartup fired.
[12.09.2026 00:27:04] Ctor: isSilent=True, Args=D:\Program Files\HaYTooL-YT-Downloader\bin\HaYTooLPlayer.dll --silent-cookie-refresh
[12.09.2026 00:27:19] SilentTimeoutTimer fired, shutting down.
[12.09.2026 00:27:19] Window.Closed fired!
[12.09.2026 00:27:19] App.OnExit fired! ExitCode=0
[12.09.2026 00:27:19] ProcessExit fired!
[12.09.2026 00:57:04] App.OnStartup fired.
[12.09.2026 00:57:04] Ctor: isSilent=True, Args=D:\Program Files\HaYTooL-YT-Downloader\bin\HaYTooLPlayer.dll --silent-cookie-refresh
[12.09.2026 00:57:19] SilentTimeoutTimer fired, shutting down.
[12.09.2026 00:57:19] Window.Closed fired!
[12.09.2026 00:57:19] App.OnExit fired! ExitCode=0
[12.09.2026 00:57:19] ProcessExit fired!
[12.09.2026 01:27:04] App.OnStartup fired.
[12.09.2026 01:27:04] Ctor: isSilent=True, Args=D:\Program Files\HaYTooL-YT-Downloader\bin\HaYTooLPlayer.dll --silent-cookie-refresh
[12.09.2026 01:27:19] SilentTimeoutTimer fired, shutting down.
[12.09.2026 01:27:19] Window.Closed fired!
[12.09.2026 01:27:19] App.OnExit fired! ExitCode=0
[12.09.2026 01:27:19] ProcessExit fired!
[12.09.2026 01:57:04] App.OnStartup fired.
[12.09.2026 01:57:04] Ctor: isSilent=True, Args=D:\Program Files\HaYTooL-YT-Downloader\bin\HaYTooLPlayer.dll --silent-cookie-refresh
[12.09.2026 01:57:19] SilentTimeoutTimer fired, shutting down.
[12.09.2026 01:57:19] Window.Closed fired!
[12.09.2026 01:57:19] App.OnExit fired! ExitCode=0
[12.09.2026 01:57:19] ProcessExit fired!
[12.09.2026 02:07:33] Window.Closed fired!
[12.09.2026 02:07:33] App.OnExit fired! ExitCode=0
[12.09.2026 02:07:33] ProcessExit fired!
[12.09.2026 02:07:34] App.OnStartup fired.
[12.09.2026 02:07:35] Ctor: isSilent=False, Args=D:\Program Files\HaYTooL-YT-Downloader\bin\HaYTooLPlayer.dll
[12.09.2026 02:07:36] WebView2 Initialized.
[12.09.2026 02:07:36] NavCompleted: Success=True
[12.09.2026 02:07:38] App.OnStartup fired.
[12.09.2026 02:07:38] Ctor: isSilent=True, Args=D:\Program Files\HaYTooL-YT-Downloader\bin\HaYTooLPlayer.dll --silent-cookie-refresh
[12.09.2026 02:07:53] SilentTimeoutTimer fired, shutting down.
[12.09.2026 02:07:53] Window.Closed fired!
[12.09.2026 02:07:53] App.OnExit fired! ExitCode=0
[12.09.2026 02:07:53] ProcessExit fired!
[12.09.2026 02:08:02] NavCompleted: Success=True
[12.09.2026 02:08:27] App.OnStartup fired.
[12.09.2026 02:08:27] Ctor: isSilent=False, Args=D:\Program Files\HaYTooL-YT-Downloader\bin\HaYTooLPlayer.dll https://accounts.google.com/ServiceLogin?service=youtube&continue=https%3A%2F%2Fwww.youtube.com
[12.09.2026 02:08:27] WebView2 Initialized.
[12.09.2026 02:08:30] NavCompleted: Success=True
[12.09.2026 02:08:31] Window.Closed fired!
[12.09.2026 02:08:31] App.OnExit fired! ExitCode=0
[12.09.2026 02:08:31] ProcessExit fired!
[12.09.2026 02:13:57] Window.Closed fired!
[12.09.2026 02:13:57] App.OnExit fired! ExitCode=0
[12.09.2026 02:13:57] ProcessExit fired!
[12.09.2026 02:13:59] App.OnStartup fired.
[12.09.2026 02:13:59] Ctor: isSilent=False, Args=D:\Program Files\HaYTooL-YT-Downloader\bin\HaYTooLPlayer.dll
[12.09.2026 02:14:00] WebView2 Initialized.
[12.09.2026 02:14:01] NavCompleted: Success=True
[12.09.2026 02:14:03] App.OnStartup fired.
[12.09.2026 02:14:03] Ctor: isSilent=True, Args=D:\Program Files\HaYTooL-YT-Downloader\bin\HaYTooLPlayer.dll --silent-cookie-refresh
[12.09.2026 02:14:18] SilentTimeoutTimer fired, shutting down.
[12.09.2026 02:14:18] Window.Closed fired!
[12.09.2026 02:14:18] App.OnExit fired! ExitCode=0
[12.09.2026 02:14:18] ProcessExit fired!
[12.09.2026 02:32:17] Window.Closed fired!
[12.09.2026 02:32:17] App.OnExit fired! ExitCode=0
[12.09.2026 02:32:17] ProcessExit fired!
[12.09.2026 02:32:20] App.OnStartup fired.
[12.09.2026 02:32:20] Ctor: isSilent=False, Args=D:\Program Files\HaYTooL-YT-Downloader\bin\HaYTooLPlayer.dll
[12.09.2026 02:32:21] WebView2 Initialized.
[12.09.2026 02:32:22] NavCompleted: Success=True
[12.09.2026 02:32:24] App.OnStartup fired.
[12.09.2026 02:32:24] Ctor: isSilent=True, Args=D:\Program Files\HaYTooL-YT-Downloader\bin\HaYTooLPlayer.dll --silent-cookie-refresh
[12.09.2026 02:32:33] App.OnStartup fired.
[12.09.2026 02:32:33] Ctor: isSilent=False, Args=D:\Program Files\HaYTooL-YT-Downloader\bin\HaYTooLPlayer.dll
[12.09.2026 02:32:34] WebView2 Initialized.
[12.09.2026 02:32:35] NavCompleted: Success=True
[12.09.2026 02:32:37] App.OnStartup fired.
[12.09.2026 02:32:37] Ctor: isSilent=True, Args=D:\Program Files\HaYTooL-YT-Downloader\bin\HaYTooLPlayer.dll --silent-cookie-refresh
[12.09.2026 02:32:52] SilentTimeoutTimer fired, shutting down.
[12.09.2026 02:32:52] Window.Closed fired!
[12.09.2026 02:32:52] App.OnExit fired! ExitCode=0
[12.09.2026 02:32:52] ProcessExit fired!
[12.09.2026 02:38:55] Window.Closed fired!
[12.09.2026 02:38:55] App.OnExit fired! ExitCode=0
[12.09.2026 02:38:55] ProcessExit fired!
[12.09.2026 02:39:36] App.OnStartup fired.
[12.09.2026 02:39:37] Ctor: isSilent=False, Args=D:\Program Files\HaYTooL-YT-Downloader\bin\HaYTooLPlayer.dll
[12.09.2026 02:39:37] WebView2 Initialized.
[12.09.2026 02:39:38] NavCompleted: Success=True
[12.09.2026 02:39:40] App.OnStartup fired.
[12.09.2026 02:39:40] Ctor: isSilent=True, Args=D:\Program Files\HaYTooL-YT-Downloader\bin\HaYTooLPlayer.dll --silent-cookie-refresh
[12.09.2026 02:39:45] Window.Closed fired!
[12.09.2026 02:39:45] App.OnExit fired! ExitCode=0
[12.09.2026 02:39:45] ProcessExit fired!
[12.09.2026 02:40:01] App.OnStartup fired.
[12.09.2026 02:40:01] Ctor: isSilent=False, Args=D:\Program Files\HaYTooL-YT-Downloader\bin\HaYTooLPlayer.dll
[12.09.2026 02:40:02] WebView2 Initialized.
[12.09.2026 02:40:03] NavCompleted: Success=True
[12.09.2026 02:40:04] App.OnStartup fired.
[12.09.2026 02:40:05] Ctor: isSilent=True, Args=D:\Program Files\HaYTooL-YT-Downloader\bin\HaYTooLPlayer.dll --silent-cookie-refresh
[12.09.2026 02:40:20] SilentTimeoutTimer fired, shutting down.
[12.09.2026 02:40:20] Window.Closed fired!
[12.09.2026 02:40:20] App.OnExit fired! ExitCode=0
[12.09.2026 02:40:20] ProcessExit fired!
[12.09.2026 02:56:00] Window.Closed fired!
[12.09.2026 02:56:01] App.OnExit fired! ExitCode=0
[12.09.2026 12:16:50] App.OnStartup fired.
[12.09.2026 12:16:50] Ctor: isSilent=True, Args=D:\Program Files\HaYTooL-YT-Downloader\bin\HaYTooLPlayer.dll --silent-cookie-refresh
[12.09.2026 12:17:05] SilentTimeoutTimer fired, shutting down.
[12.09.2026 12:17:05] Window.Closed fired!
[12.09.2026 12:17:05] App.OnExit fired! ExitCode=0
[12.09.2026 12:17:05] ProcessExit fired!
[12.09.2026 12:46:47] App.OnStartup fired.
[12.09.2026 12:46:48] Ctor: isSilent=True, Args=D:\Program Files\HaYTooL-YT-Downloader\bin\HaYTooLPlayer.dll --silent-cookie-refresh
[12.09.2026 12:47:03] SilentTimeoutTimer fired, shutting down.
[12.09.2026 12:47:03] Window.Closed fired!
[12.09.2026 12:47:03] App.OnExit fired! ExitCode=0
[12.09.2026 12:47:03] ProcessExit fired!
[12.09.2026 13:10:44] App.OnStartup fired.
[12.09.2026 13:10:44] Ctor: isSilent=False, Args=D:\Program Files\HaYTooL-YT-Downloader\bin\HaYTooLPlayer.dll
[12.09.2026 13:10:45] WebView2 Initialized.
[12.09.2026 13:10:46] NavCompleted: Success=True
[12.09.2026 13:16:47] App.OnStartup fired.
[12.09.2026 13:16:48] Ctor: isSilent=True, Args=D:\Program Files\HaYTooL-YT-Downloader\bin\HaYTooLPlayer.dll --silent-cookie-refresh
[12.09.2026 13:17:03] SilentTimeoutTimer fired, shutting down.
[12.09.2026 13:17:03] Window.Closed fired!
[12.09.2026 13:17:03] App.OnExit fired! ExitCode=0
[12.09.2026 13:17:03] ProcessExit fired!
[12.09.2026 13:46:47] App.OnStartup fired.
[12.09.2026 13:46:48] Ctor: isSilent=True, Args=D:\Program Files\HaYTooL-YT-Downloader\bin\HaYTooLPlayer.dll --silent-cookie-refresh
[12.09.2026 13:47:03] SilentTimeoutTimer fired, shutting down.
[12.09.2026 13:47:03] Window.Closed fired!
[12.09.2026 13:47:03] App.OnExit fired! ExitCode=0
[12.09.2026 13:47:03] ProcessExit fired!
[12.09.2026 14:02:44] Window.Closed fired!
[12.09.2026 14:02:44] App.OnExit fired! ExitCode=0
[12.09.2026 14:02:44] ProcessExit fired!
[12.09.2026 14:02:46] App.OnStartup fired.
[12.09.2026 14:02:46] Ctor: isSilent=False, Args=D:\Program Files\HaYTooL-YT-Downloader\bin\HaYTooLPlayer.dll
[12.09.2026 14:02:47] WebView2 Initialized.
[12.09.2026 14:02:48] NavCompleted: Success=True
[12.09.2026 14:02:50] App.OnStartup fired.
[12.09.2026 14:02:50] Ctor: isSilent=True, Args=D:\Program Files\HaYTooL-YT-Downloader\bin\HaYTooLPlayer.dll --silent-cookie-refresh
[12.09.2026 14:03:05] SilentTimeoutTimer fired, shutting down.
[12.09.2026 14:03:05] Window.Closed fired!
[12.09.2026 14:03:05] App.OnExit fired! ExitCode=0
[12.09.2026 14:03:05] ProcessExit fired!
[12.09.2026 14:13:04] NavCompleted: Success=True
[12.09.2026 14:22:04] Window.Closed fired!
[12.09.2026 14:22:04] App.OnExit fired! ExitCode=0
[12.09.2026 14:22:04] ProcessExit fired!
[12.09.2026 14:22:06] App.OnStartup fired.
[12.09.2026 14:22:06] Ctor: isSilent=False, Args=D:\Program Files\HaYTooL-YT-Downloader\bin\HaYTooLPlayer.dll
[12.09.2026 14:22:07] WebView2 Initialized.
[12.09.2026 14:22:08] NavCompleted: Success=True
[12.09.2026 14:22:09] App.OnStartup fired.
[12.09.2026 14:22:10] Ctor: isSilent=True, Args=D:\Program Files\HaYTooL-YT-Downloader\bin\HaYTooLPlayer.dll --silent-cookie-refresh
[12.09.2026 14:22:25] SilentTimeoutTimer fired, shutting down.
[12.09.2026 14:22:25] Window.Closed fired!
[12.09.2026 14:22:25] App.OnExit fired! ExitCode=0
[12.09.2026 14:22:25] ProcessExit fired!
[12.09.2026 14:27:23] App.OnStartup fired.
[12.09.2026 14:27:23] Ctor: isSilent=False, Args=D:\Program Files\HaYTooL-YT-Downloader\bin\HaYTooLPlayer.dll https://accounts.google.com/ServiceLogin?service=youtube&continue=https%3A%2F%2Fwww.youtube.com
[12.09.2026 14:27:24] WebView2 Initialized.
[12.09.2026 14:27:27] NavCompleted: Success=True
[12.09.2026 14:27:32] Window.Closed fired!
[12.09.2026 14:27:32] App.OnExit fired! ExitCode=0
[12.09.2026 14:27:32] ProcessExit fired!
[12.09.2026 14:27:34] Window.Closed fired!
[12.09.2026 14:27:34] App.OnExit fired! ExitCode=0
[12.09.2026 14:27:34] ProcessExit fired!
[12.09.2026 14:27:41] App.OnStartup fired.
[12.09.2026 14:27:41] Ctor: isSilent=False, Args=D:\Program Files\HaYTooL-YT-Downloader\bin\HaYTooLPlayer.dll
[12.09.2026 14:27:42] WebView2 Initialized.
[12.09.2026 14:27:43] NavCompleted: Success=True
[12.09.2026 14:27:45] App.OnStartup fired.
[12.09.2026 14:27:45] Ctor: isSilent=True, Args=D:\Program Files\HaYTooL-YT-Downloader\bin\HaYTooLPlayer.dll --silent-cookie-refresh
[12.09.2026 14:27:52] Window.Closed fired!
[12.09.2026 14:27:52] App.OnExit fired! ExitCode=0
[12.09.2026 14:27:52] ProcessExit fired!
[12.09.2026 14:28:00] SilentTimeoutTimer fired, shutting down.
[12.09.2026 14:28:00] Window.Closed fired!
[12.09.2026 14:28:00] App.OnExit fired! ExitCode=0
[12.09.2026 14:28:00] ProcessExit fired!
[12.09.2026 14:45:45] App.OnStartup fired.
[12.09.2026 14:45:45] Ctor: isSilent=False, Args=D:\Program Files\HaYTooL-YT-Downloader\bin\HaYTooLPlayer.dll
[12.09.2026 14:45:46] WebView2 Initialized.
[12.09.2026 14:45:46] NavCompleted: Success=True
[12.09.2026 14:45:48] App.OnStartup fired.
[12.09.2026 14:45:48] Ctor: isSilent=True, Args=D:\Program Files\HaYTooL-YT-Downloader\bin\HaYTooLPlayer.dll --silent-cookie-refresh
[12.09.2026 14:46:03] SilentTimeoutTimer fired, shutting down.
[12.09.2026 14:46:03] Window.Closed fired!
[12.09.2026 14:46:03] App.OnExit fired! ExitCode=0
[12.09.2026 14:46:03] ProcessExit fired!
[12.09.2026 14:54:06] App.OnStartup fired.
[12.09.2026 14:54:06] Ctor: isSilent=False, Args=D:\Program Files\HaYTooL-YT-Downloader\bin\HaYTooLPlayer.dll
[12.09.2026 14:54:07] WebView2 Initialized.
[12.09.2026 14:54:07] NavCompleted: Success=True
[12.09.2026 14:54:21] App.OnStartup fired.
[12.09.2026 14:54:21] Ctor: isSilent=False, Args=D:\Program Files\HaYTooL-YT-Downloader\bin\HaYTooLPlayer.dll https://accounts.google.com/ServiceLogin?service=youtube&continue=https%3A%2F%2Fwww.youtube.com
[12.09.2026 14:54:21] WebView2 Initialized.
[12.09.2026 14:54:24] NavCompleted: Success=True
[12.09.2026 14:54:29] Window.Closed fired!
[12.09.2026 14:54:29] App.OnExit fired! ExitCode=0
[12.09.2026 14:54:29] ProcessExit fired!
[12.09.2026 14:54:31] App.OnStartup fired.
[12.09.2026 14:54:32] Ctor: isSilent=False, Args=D:\Program Files\HaYTooL-YT-Downloader\bin\HaYTooLPlayer.dll https://accounts.google.com/ServiceLogin?service=youtube&continue=https%3A%2F%2Fwww.youtube.com
[12.09.2026 14:54:32] WebView2 Initialized.
[12.09.2026 14:54:34] NavCompleted: Success=True
[12.09.2026 14:54:40] Window.Closed fired!
[12.09.2026 14:54:40] App.OnExit fired! ExitCode=0
[12.09.2026 14:54:40] ProcessExit fired!
[12.09.2026 14:56:08] Window.Closed fired!
[12.09.2026 14:56:08] App.OnExit fired! ExitCode=0
[12.09.2026 14:56:08] ProcessExit fired!
[12.09.2026 15:02:26] App.OnStartup fired.
[12.09.2026 15:02:26] Ctor: isSilent=False, Args=D:\Program Files\HaYTooL-YT-Downloader\bin\HaYTooLPlayer.dll
[12.09.2026 15:02:27] WebView2 Initialized.
[12.09.2026 15:02:28] NavCompleted: Success=True
[12.09.2026 15:02:30] App.OnStartup fired.
[12.09.2026 15:02:30] Ctor: isSilent=True, Args=D:\Program Files\HaYTooL-YT-Downloader\bin\HaYTooLPlayer.dll --silent-cookie-refresh
[12.09.2026 15:02:40] App.OnStartup fired.
[12.09.2026 15:02:41] Ctor: isSilent=False, Args=D:\Program Files\HaYTooL-YT-Downloader\bin\HaYTooLPlayer.dll https://accounts.google.com/ServiceLogin?service=youtube&continue=https%3A%2F%2Fwww.youtube.com
[12.09.2026 15:02:41] WebView2 Initialized.
[12.09.2026 15:02:41] NavCompleted: Success=True
[12.09.2026 15:02:45] SilentTimeoutTimer fired, shutting down.
[12.09.2026 15:02:45] Window.Closed fired!
[12.09.2026 15:02:45] App.OnExit fired! ExitCode=0
[12.09.2026 15:02:45] ProcessExit fired!
[12.09.2026 15:02:49] Window.Closed fired!
[12.09.2026 15:02:49] App.OnExit fired! ExitCode=0
[12.09.2026 15:02:49] ProcessExit fired!
[12.09.2026 15:02:51] Window.Closed fired!
[12.09.2026 15:02:51] App.OnExit fired! ExitCode=0
[12.09.2026 15:02:51] ProcessExit fired!
[12.09.2026 15:02:54] App.OnStartup fired.
[12.09.2026 15:02:54] Ctor: isSilent=False, Args=D:\Program Files\HaYTooL-YT-Downloader\bin\HaYTooLPlayer.dll https://accounts.google.com/ServiceLogin?service=youtube&continue=https%3A%2F%2Fwww.youtube.com
[12.09.2026 15:02:54] WebView2 Initialized.
[12.09.2026 15:02:55] NavCompleted: Success=True
[12.09.2026 15:02:59] Window.Closed fired!
[12.09.2026 15:02:59] App.OnExit fired! ExitCode=0
[12.09.2026 15:02:59] ProcessExit fired!
[12.09.2026 15:03:00] App.OnStartup fired.
[12.09.2026 15:03:01] Ctor: isSilent=False, Args=D:\Program Files\HaYTooL-YT-Downloader\bin\HaYTooLPlayer.dll /downlist
[12.09.2026 15:03:01] WebView2 Initialized.
[12.09.2026 15:03:01] NavCompleted: Success=False
[12.09.2026 15:03:06] NavCompleted: Success=False
[12.09.2026 15:03:08] Window.Closed fired!
[12.09.2026 15:03:08] App.OnExit fired! ExitCode=0
[12.09.2026 15:03:08] ProcessExit fired!
[12.09.2026 15:03:10] App.OnStartup fired.
[12.09.2026 15:03:10] Ctor: isSilent=False, Args=D:\Program Files\HaYTooL-YT-Downloader\bin\HaYTooLPlayer.dll
[12.09.2026 15:03:10] WebView2 Initialized.
[12.09.2026 15:03:11] NavCompleted: Success=True
[12.09.2026 15:03:18] App.OnStartup fired.
[12.09.2026 15:03:18] Ctor: isSilent=False, Args=D:\Program Files\HaYTooL-YT-Downloader\bin\HaYTooLPlayer.dll https://accounts.google.com/ServiceLogin?service=youtube&continue=https%3A%2F%2Fwww.youtube.com
[12.09.2026 15:03:18] WebView2 Initialized.
[12.09.2026 15:03:19] NavCompleted: Success=True
[12.09.2026 15:03:21] Window.Closed fired!
[12.09.2026 15:03:21] Window.Closed fired!
[12.09.2026 15:03:21] App.OnExit fired! ExitCode=0
[12.09.2026 15:03:21] ProcessExit fired!
[12.09.2026 15:03:21] App.OnExit fired! ExitCode=0
[12.09.2026 15:03:21] ProcessExit fired!
[12.09.2026 15:09:13] App.OnStartup fired.
[12.09.2026 15:09:13] Ctor: isSilent=False, Args=D:\Program Files\HaYTooL-YT-Downloader\bin\HaYTooLPlayer.dll
[12.09.2026 15:09:14] WebView2 Initialized.
[12.09.2026 15:09:15] NavCompleted: Success=True
[12.09.2026 15:09:34] Window.Closed fired!
[12.09.2026 15:09:34] App.OnExit fired! ExitCode=0
[12.09.2026 15:09:34] ProcessExit fired!
[12.09.2026 15:10:28] App.OnStartup fired.
[12.09.2026 15:10:28] Ctor: isSilent=False, Args=D:\Program Files\HaYTooL-YT-Downloader\bin\HaYTooLPlayer.dll
[12.09.2026 15:10:28] WebView2 Initialized.
[12.09.2026 15:10:29] NavCompleted: Success=True
[12.09.2026 15:12:29] App.OnStartup fired.
[12.09.2026 15:12:30] Ctor: isSilent=False, Args=D:\Program Files\HaYTooL-YT-Downloader\bin\HaYTooLPlayer.dll
[12.09.2026 15:12:30] WebView2 Initialized.
[12.09.2026 15:12:31] NavCompleted: Success=True
[12.09.2026 15:14:16] Window.Closed fired!
[12.09.2026 15:14:16] App.OnExit fired! ExitCode=0
[12.09.2026 15:14:17] ProcessExit fired!
[12.09.2026 15:14:17] App.OnStartup fired.
[12.09.2026 15:14:18] Ctor: isSilent=False, Args=D:\Program Files\HaYTooL-YT-Downloader\bin\HaYTooLPlayer.dll
[12.09.2026 15:14:18] WebView2 Initialized.
[12.09.2026 15:14:18] NavCompleted: Success=True
[12.09.2026 15:25:39] Window.Closed fired!
[12.09.2026 15:25:39] App.OnExit fired! ExitCode=0
[12.09.2026 15:25:39] ProcessExit fired!
[12.09.2026 15:25:44] App.OnStartup fired.
[12.09.2026 15:25:45] Ctor: isSilent=False, Args=D:\Program Files\HaYTooL-YT-Downloader\bin\HaYTooLPlayer.dll
[12.09.2026 15:25:46] WebView2 Initialized.
[12.09.2026 15:25:46] NavCompleted: Success=True
[12.09.2026 15:45:45] Window.Closed fired!
[12.09.2026 15:45:45] App.OnExit fired! ExitCode=0
[12.09.2026 15:45:45] ProcessExit fired!
[12.09.2026 15:45:53] App.OnStartup fired.
[12.09.2026 15:45:53] Ctor: isSilent=False, Args=D:\Program Files\HaYTooL-YT-Downloader\bin\HaYTooLPlayer.dll
[12.09.2026 15:45:54] WebView2 Initialized.
[12.09.2026 15:45:55] NavCompleted: Success=True
[12.09.2026 15:48:40] Window.Closed fired!
[12.09.2026 15:48:40] App.OnExit fired! ExitCode=0
[12.09.2026 15:48:40] ProcessExit fired!
[12.09.2026 15:48:42] App.OnStartup fired.
[12.09.2026 15:48:43] Ctor: isSilent=False, Args=D:\Program Files\HaYTooL-YT-Downloader\bin\HaYTooLPlayer.dll
[12.09.2026 15:48:43] WebView2 Initialized.
[12.09.2026 15:48:44] NavCompleted: Success=True
[12.09.2026 15:51:46] Window.Closed fired!
[12.09.2026 15:51:46] App.OnExit fired! ExitCode=0
[12.09.2026 15:51:46] ProcessExit fired!
[12.09.2026 15:51:48] App.OnStartup fired.
[12.09.2026 15:51:48] Ctor: isSilent=False, Args=D:\Program Files\HaYTooL-YT-Downloader\bin\HaYTooLPlayer.dll
[12.09.2026 15:51:49] WebView2 Initialized.
[12.09.2026 15:51:49] NavCompleted: Success=True
[12.09.2026 16:05:14] Window.Closed fired!
[12.09.2026 16:05:14] App.OnExit fired! ExitCode=0
[12.09.2026 16:05:14] ProcessExit fired!
[12.09.2026 16:05:15] App.OnStartup fired.
[12.09.2026 16:05:15] Ctor: isSilent=False, Args=D:\Program Files\HaYTooL-YT-Downloader\bin\HaYTooLPlayer.dll
[12.09.2026 16:05:16] WebView2 Initialized.
[12.09.2026 16:05:17] NavCompleted: Success=True
[12.09.2026 16:06:21] NavCompleted: Success=True
[12.09.2026 16:06:41] NavCompleted: Success=True
[12.09.2026 16:06:48] Window.Closed fired!
[12.09.2026 16:06:48] App.OnExit fired! ExitCode=0
[12.09.2026 16:06:48] ProcessExit fired!
[12.09.2026 16:06:50] App.OnStartup fired.
[12.09.2026 16:06:50] Ctor: isSilent=False, Args=D:\Program Files\HaYTooL-YT-Downloader\bin\HaYTooLPlayer.dll
[12.09.2026 16:06:51] WebView2 Initialized.
[12.09.2026 16:06:52] NavCompleted: Success=True
[12.09.2026 16:07:45] NavCompleted: Success=True
[12.09.2026 16:15:57] NavCompleted: Success=True
[12.09.2026 16:37:01] Window.Closed fired!
[12.09.2026 16:37:01] App.OnExit fired! ExitCode=0
[12.09.2026 16:37:01] ProcessExit fired!
[12.09.2026 16:37:51] App.OnStartup fired.
[12.09.2026 16:37:52] Ctor: isSilent=False, Args=D:\Program Files\HaYTooL-YT-Downloader\bin\HaYTooLPlayer.dll
[12.09.2026 16:37:52] WebView2 Initialized.
[12.09.2026 16:37:53] NavCompleted: Success=True
[12.09.2026 16:44:57] Window.Closed fired!
[12.09.2026 16:44:57] App.OnExit fired! ExitCode=0
[12.09.2026 16:44:57] ProcessExit fired!
[12.09.2026 16:44:59] App.OnStartup fired.
[12.09.2026 16:45:00] Ctor: isSilent=False, Args=D:\Program Files\HaYTooL-YT-Downloader\bin\HaYTooLPlayer.dll
[12.09.2026 16:45:01] WebView2 Initialized.
[12.09.2026 16:45:01] NavCompleted: Success=True
[12.09.2026 17:00:50] Window.Closed fired!
[12.09.2026 17:00:50] App.OnExit fired! ExitCode=0
[12.09.2026 17:00:50] ProcessExit fired!
[12.09.2026 17:01:04] App.OnStartup fired.
[12.09.2026 17:01:04] Ctor: isSilent=False, Args=D:\Program Files\HaYTooL-YT-Downloader\bin\HaYTooLPlayer.dll
[12.09.2026 17:01:05] WebView2 Initialized.
[12.09.2026 17:01:05] NavCompleted: Success=True
[12.09.2026 17:01:11] Window.Closed fired!
[12.09.2026 17:01:11] App.OnExit fired! ExitCode=0
[12.09.2026 17:01:11] ProcessExit fired!
[12.09.2026 17:03:08] App.OnStartup fired.
[12.09.2026 17:03:08] Ctor: isSilent=False, Args=D:\Program Files\HaYTooL-YT-Downloader\bin\HaYTooLPlayer.dll
[12.09.2026 17:03:09] WebView2 Initialized.
[12.09.2026 17:03:09] NavCompleted: Success=True
[12.09.2026 17:03:10] Window.Closed fired!
[12.09.2026 17:03:11] App.OnExit fired! ExitCode=0
[12.09.2026 17:03:11] ProcessExit fired!
[12.09.2026 17:03:12] App.OnStartup fired.
[12.09.2026 17:03:12] Ctor: isSilent=False, Args=D:\Program Files\HaYTooL-YT-Downloader\bin\HaYTooLPlayer.dll
[12.09.2026 17:03:13] WebView2 Initialized.
[12.09.2026 17:03:14] NavCompleted: Success=True
[12.09.2026 17:04:13] NavCompleted: Success=True
[12.09.2026 17:19:47] Window.Closed fired!
[12.09.2026 17:19:47] App.OnExit fired! ExitCode=0
[12.09.2026 17:19:47] ProcessExit fired!
[12.09.2026 17:19:48] App.OnStartup fired.
[12.09.2026 17:19:48] Ctor: isSilent=False, Args=D:\Program Files\HaYTooL-YT-Downloader\bin\HaYTooLPlayer.dll
[12.09.2026 17:19:49] WebView2 Initialized.
[12.09.2026 17:19:49] NavCompleted: Success=True
[12.09.2026 17:21:46] NavCompleted: Success=True
[12.09.2026 17:24:31] NavCompleted: Success=True
[12.09.2026 17:34:10] Window.Closed fired!
[12.09.2026 17:34:10] App.OnExit fired! ExitCode=0
[12.09.2026 17:34:10] ProcessExit fired!
[12.09.2026 17:34:11] App.OnStartup fired.
[12.09.2026 17:34:12] Ctor: isSilent=False, Args=D:\Program Files\HaYTooL-YT-Downloader\bin\HaYTooLPlayer.dll
[12.09.2026 17:34:12] WebView2 Initialized.
[12.09.2026 17:34:13] NavCompleted: Success=True
[12.09.2026 17:36:30] NavCompleted: Success=True
[12.09.2026 17:43:29] Window.Closed fired!
[12.09.2026 17:43:29] App.OnExit fired! ExitCode=0
[12.09.2026 17:43:29] ProcessExit fired!
[12.09.2026 17:43:30] App.OnStartup fired.
[12.09.2026 17:43:31] Ctor: isSilent=False, Args=D:\Program Files\HaYTooL-YT-Downloader\bin\HaYTooLPlayer.dll
[12.09.2026 17:43:31] WebView2 Initialized.
[12.09.2026 17:43:32] NavCompleted: Success=True
[12.09.2026 17:52:32] Window.Closed fired!
[12.09.2026 17:52:32] App.OnExit fired! ExitCode=0
[12.09.2026 17:52:32] ProcessExit fired!
[12.09.2026 17:52:35] App.OnStartup fired.
[12.09.2026 17:52:36] Ctor: isSilent=False, Args=D:\Program Files\HaYTooL-YT-Downloader\bin\HaYTooLPlayer.dll
[12.09.2026 17:52:37] WebView2 Initialized.
[12.09.2026 17:52:37] NavCompleted: Success=True
[12.09.2026 18:05:14] Window.Closed fired!
[12.09.2026 18:05:15] App.OnExit fired! ExitCode=0
[12.09.2026 18:05:15] ProcessExit fired!
[12.09.2026 18:05:18] App.OnStartup fired.
[12.09.2026 18:05:18] Ctor: isSilent=False, Args=D:\Program Files\HaYTooL-YT-Downloader\bin\HaYTooLPlayer.dll
[12.09.2026 18:05:19] WebView2 Initialized.
[12.09.2026 18:05:20] NavCompleted: Success=True
[12.09.2026 18:05:33] NavCompleted: Success=True
[12.09.2026 18:05:43] NavCompleted: Success=True
[12.09.2026 18:06:13] NavCompleted: Success=True
[12.09.2026 18:10:40] NavCompleted: Success=True
[12.09.2026 18:20:23] Window.Closed fired!
[12.09.2026 18:20:23] App.OnExit fired! ExitCode=0
[12.09.2026 18:20:23] ProcessExit fired!
[12.09.2026 18:20:49] App.OnStartup fired.
[12.09.2026 18:20:49] Ctor: isSilent=False, Args=D:\Program Files\HaYTooL-YT-Downloader\bin\HaYTooLPlayer.dll
[12.09.2026 18:20:50] WebView2 Initialized.
[12.09.2026 18:20:51] NavCompleted: Success=True
[12.09.2026 18:21:49] NavCompleted: Success=True
[12.09.2026 18:21:51] NavCompleted: Success=True
[12.09.2026 18:22:28] NavCompleted: Success=True
[12.09.2026 18:22:30] NavCompleted: Success=True
[12.09.2026 18:54:18] Window.Closed fired!
[12.09.2026 18:54:18] App.OnExit fired! ExitCode=0
[12.09.2026 18:54:18] ProcessExit fired!
[12.09.2026 19:33:33] App.OnStartup fired.
[12.09.2026 19:33:33] Ctor: isSilent=False, Args=D:\Program Files\HaYTooL-YT-Downloader\bin\HaYTooLPlayer.dll
[12.09.2026 19:33:34] WebView2 Initialized.
[12.09.2026 19:33:35] NavCompleted: Success=True
[12.09.2026 19:33:48] NavCompleted: Success=True
[12.09.2026 19:34:23] NavCompleted: Success=True
[12.09.2026 19:36:15] NavCompleted: Success=True
[12.09.2026 19:42:41] Window.Closed fired!
[12.09.2026 19:42:41] App.OnExit fired! ExitCode=0
[12.09.2026 19:42:42] ProcessExit fired!
[12.09.2026 19:42:44] App.OnStartup fired.
[12.09.2026 19:42:44] Ctor: isSilent=False, Args=D:\Program Files\HaYTooL-YT-Downloader\bin\HaYTooLPlayer.dll
[12.09.2026 19:42:45] WebView2 Initialized.
[12.09.2026 19:42:46] NavCompleted: Success=True
[12.09.2026 19:42:58] NavCompleted: Success=True
[12.09.2026 19:52:07] Window.Closed fired!
[12.09.2026 19:52:08] App.OnExit fired! ExitCode=0
[12.09.2026 19:52:08] ProcessExit fired!
[12.09.2026 19:52:19] App.OnStartup fired.
[12.09.2026 19:52:20] Ctor: isSilent=False, Args=D:\Program Files\HaYTooL-YT-Downloader\bin\HaYTooLPlayer.dll
[12.09.2026 19:52:20] WebView2 Initialized.
[12.09.2026 19:52:21] NavCompleted: Success=True
[12.09.2026 19:54:19] NavCompleted: Success=True
[12.09.2026 20:03:40] Window.Closed fired!
[12.09.2026 20:03:40] App.OnExit fired! ExitCode=0
[12.09.2026 20:03:40] ProcessExit fired!
[12.09.2026 20:03:50] App.OnStartup fired.
[12.09.2026 20:03:51] Ctor: isSilent=False, Args=D:\Program Files\HaYTooL-YT-Downloader\bin\HaYTooLPlayer.dll
[12.09.2026 20:03:51] WebView2 Initialized.
[12.09.2026 20:03:52] NavCompleted: Success=True
[12.09.2026 20:46:56] App.OnStartup fired.
[12.09.2026 20:46:56] Ctor: isSilent=True, Args=D:\Program Files\HaYTooL-YT-Downloader\bin\HaYTooLPlayer.dll --silent-cookie-refresh
[12.09.2026 20:47:11] SilentTimeoutTimer fired, shutting down.
[12.09.2026 20:47:11] Window.Closed fired!
[12.09.2026 20:47:11] App.OnExit fired! ExitCode=0
[12.09.2026 20:47:11] ProcessExit fired!
[12.09.2026 21:16:53] App.OnStartup fired.
[12.09.2026 21:16:54] Ctor: isSilent=True, Args=D:\Program Files\HaYTooL-YT-Downloader\bin\HaYTooLPlayer.dll --silent-cookie-refresh
[12.09.2026 21:17:09] SilentTimeoutTimer fired, shutting down.
[12.09.2026 21:17:09] Window.Closed fired!
[12.09.2026 21:17:09] App.OnExit fired! ExitCode=0
[12.09.2026 21:17:09] ProcessExit fired!
[12.09.2026 21:46:53] App.OnStartup fired.
[12.09.2026 21:46:54] Ctor: isSilent=True, Args=D:\Program Files\HaYTooL-YT-Downloader\bin\HaYTooLPlayer.dll --silent-cookie-refresh
[12.09.2026 21:47:09] SilentTimeoutTimer fired, shutting down.
[12.09.2026 21:47:09] Window.Closed fired!
[12.09.2026 21:47:09] App.OnExit fired! ExitCode=0
[12.09.2026 21:47:09] ProcessExit fired!
[12.09.2026 22:16:54] App.OnStartup fired.
[12.09.2026 22:16:54] Ctor: isSilent=True, Args=D:\Program Files\HaYTooL-YT-Downloader\bin\HaYTooLPlayer.dll --silent-cookie-refresh
[12.09.2026 22:17:09] SilentTimeoutTimer fired, shutting down.
[12.09.2026 22:17:09] Window.Closed fired!
[12.09.2026 22:17:09] App.OnExit fired! ExitCode=0
[12.09.2026 22:17:09] ProcessExit fired!
[12.09.2026 22:46:53] App.OnStartup fired.
[12.09.2026 22:46:54] Ctor: isSilent=True, Args=D:\Program Files\HaYTooL-YT-Downloader\bin\HaYTooLPlayer.dll --silent-cookie-refresh
[12.09.2026 22:47:09] SilentTimeoutTimer fired, shutting down.
[12.09.2026 22:47:09] Window.Closed fired!
[12.09.2026 22:47:09] App.OnExit fired! ExitCode=0
[12.09.2026 22:47:09] ProcessExit fired!
[12.09.2026 23:46:20] App.OnStartup fired.
[12.09.2026 23:46:21] Ctor: isSilent=True, Args=D:\Program Files\HaYTooL-YT-Downloader\bin\HaYTooLPlayer.dll --silent-cookie-refresh
[12.09.2026 23:46:36] SilentTimeoutTimer fired, shutting down.
[12.09.2026 23:46:36] Window.Closed fired!
[12.09.2026 23:46:36] App.OnExit fired! ExitCode=0
[12.09.2026 23:46:36] ProcessExit fired!
[12.09.2026 23:46:58] App.OnStartup fired.
[12.09.2026 23:46:59] Ctor: isSilent=False, Args=D:\Program Files\HaYTooL-YT-Downloader\bin\HaYTooLPlayer.dll
[12.09.2026 23:47:00] WebView2 Initialized.
[12.09.2026 23:47:00] NavCompleted: Success=True
[12.09.2026 23:50:19] NavCompleted: Success=True
[12.09.2026 23:51:20] NavCompleted: Success=True
[12.09.2026 23:51:36] NavCompleted: Success=True
[12.09.2026 23:52:07] NavCompleted: Success=True
[12.09.2026 23:52:23] NavCompleted: Success=True
[12.09.2026 23:52:48] NavCompleted: Success=True
[12.09.2026 23:52:51] NavCompleted: Success=True
[12.09.2026 23:52:54] NavCompleted: Success=True
[12.09.2026 23:53:01] NavCompleted: Success=True
[12.09.2026 23:53:04] NavCompleted: Success=True
[12.09.2026 23:53:08] NavCompleted: Success=True
[12.09.2026 23:53:53] NavCompleted: Success=True
[12.09.2026 23:54:04] NavCompleted: Success=True
[12.09.2026 23:54:14] NavCompleted: Success=True
[13.09.2026 00:22:11] Window.Closed fired!
[13.09.2026 00:22:11] App.OnExit fired! ExitCode=0
[13.09.2026 00:22:11] ProcessExit fired!
[13.09.2026 00:22:25] App.OnStartup fired.
[13.09.2026 00:22:25] Ctor: isSilent=False, Args=D:\Program Files\HaYTooL-YT-Downloader\bin\HaYTooLPlayer.dll
[13.09.2026 00:22:27] WebView2 Initialized.
[13.09.2026 00:22:28] NavCompleted: Success=True
[13.09.2026 00:26:00] Window.Closed fired!
[13.09.2026 00:26:00] App.OnExit fired! ExitCode=0
[13.09.2026 00:26:00] ProcessExit fired!
[13.09.2026 00:26:08] App.OnStartup fired.
[13.09.2026 00:26:08] Ctor: isSilent=False, Args=D:\Program Files\HaYTooL-YT-Downloader\bin\HaYTooLPlayer.dll
[13.09.2026 00:26:09] WebView2 Initialized.
[13.09.2026 00:26:10] NavCompleted: Success=True
[13.09.2026 00:26:28] NavCompleted: Success=True
[13.09.2026 00:26:35] NavCompleted: Success=True
[13.09.2026 00:26:43] NavCompleted: Success=True
[13.09.2026 00:26:52] NavCompleted: Success=True
[13.09.2026 00:39:43] NavCompleted: Success=True
[13.09.2026 00:53:26] Window.Closed fired!
[13.09.2026 00:53:26] App.OnExit fired! ExitCode=0
[13.09.2026 00:53:26] ProcessExit fired!
[13.09.2026 00:53:42] App.OnStartup fired.
[13.09.2026 00:53:42] Ctor: isSilent=False, Args=D:\Program Files\HaYTooL-YT-Downloader\bin\HaYTooLPlayer.dll
[13.09.2026 00:53:43] WebView2 Initialized.
[13.09.2026 00:53:44] NavCompleted: Success=True
[13.09.2026 00:56:26] NavCompleted: Success=True
[13.09.2026 01:22:06] NavCompleted: Success=True
[13.09.2026 01:22:09] NavCompleted: Success=True
[13.09.2026 01:23:15] NavCompleted: Success=True
[13.09.2026 01:23:37] NavCompleted: Success=True
[13.09.2026 01:24:11] NavCompleted: Success=True
[13.09.2026 01:24:16] NavCompleted: Success=True
[13.09.2026 01:24:34] NavCompleted: Success=True
[13.09.2026 01:24:45] Window.Closed fired!
[13.09.2026 01:24:45] App.OnExit fired! ExitCode=0
[13.09.2026 01:24:45] ProcessExit fired!
[13.09.2026 01:24:47] App.OnStartup fired.
[13.09.2026 01:24:47] Ctor: isSilent=False, Args=D:\Program Files\HaYTooL-YT-Downloader\bin\HaYTooLPlayer.dll
[13.09.2026 01:24:48] WebView2 Initialized.
[13.09.2026 01:24:49] NavCompleted: Success=True
[13.09.2026 01:35:00] NavCompleted: Success=True
[13.09.2026 01:35:48] NavCompleted: Success=True
[13.09.2026 01:37:20] NavCompleted: Success=True
[13.09.2026 01:37:22] Window.Closed fired!
[13.09.2026 01:37:22] App.OnExit fired! ExitCode=0
[13.09.2026 01:37:22] ProcessExit fired!
[13.09.2026 01:37:30] App.OnStartup fired.
[13.09.2026 01:37:30] Ctor: isSilent=False, Args=D:\Program Files\HaYTooL-YT-Downloader\bin\HaYTooLPlayer.dll
[13.09.2026 01:37:32] WebView2 Initialized.
[13.09.2026 01:37:33] NavCompleted: Success=True
[13.09.2026 01:41:40] NavCompleted: Success=True
[13.09.2026 01:41:48] NavCompleted: Success=True
[13.09.2026 01:43:06] NavCompleted: Success=True
[13.09.2026 01:43:48] Window.Closed fired!
[13.09.2026 01:43:48] App.OnExit fired! ExitCode=0
[13.09.2026 01:43:48] ProcessExit fired!
[13.09.2026 01:43:50] App.OnStartup fired.
[13.09.2026 01:43:50] Ctor: isSilent=False, Args=D:\Program Files\HaYTooL-YT-Downloader\bin\HaYTooLPlayer.dll
[13.09.2026 01:43:52] WebView2 Initialized.
[13.09.2026 01:43:53] NavCompleted: Success=True
[13.09.2026 01:49:16] Window.Closed fired!
[13.09.2026 01:49:16] App.OnExit fired! ExitCode=0
[13.09.2026 01:49:16] ProcessExit fired!
[13.09.2026 12:31:15] App.OnStartup fired.
[13.09.2026 12:31:16] Ctor: isSilent=True, Args=D:\Program Files\HaYTooL-YT-Downloader\bin\HaYTooLPlayer.dll --silent-cookie-refresh
[13.09.2026 12:31:31] SilentTimeoutTimer fired, shutting down.
[13.09.2026 12:31:31] Window.Closed fired!
[13.09.2026 12:31:31] App.OnExit fired! ExitCode=0
[13.09.2026 12:31:31] ProcessExit fired!
[13.09.2026 13:01:12] App.OnStartup fired.
[13.09.2026 13:01:12] Ctor: isSilent=True, Args=D:\Program Files\HaYTooL-YT-Downloader\bin\HaYTooLPlayer.dll --silent-cookie-refresh
[13.09.2026 13:01:27] SilentTimeoutTimer fired, shutting down.
[13.09.2026 13:01:27] Window.Closed fired!
[13.09.2026 13:01:27] App.OnExit fired! ExitCode=0
[13.09.2026 13:01:27] ProcessExit fired!
[13.09.2026 13:31:12] App.OnStartup fired.
[13.09.2026 13:31:13] Ctor: isSilent=True, Args=D:\Program Files\HaYTooL-YT-Downloader\bin\HaYTooLPlayer.dll --silent-cookie-refresh
[13.09.2026 13:31:28] SilentTimeoutTimer fired, shutting down.
[13.09.2026 13:31:28] Window.Closed fired!
[13.09.2026 13:31:28] App.OnExit fired! ExitCode=0
[13.09.2026 13:31:28] ProcessExit fired!
[13.09.2026 14:01:12] App.OnStartup fired.
[13.09.2026 14:01:13] Ctor: isSilent=True, Args=D:\Program Files\HaYTooL-YT-Downloader\bin\HaYTooLPlayer.dll --silent-cookie-refresh
[13.09.2026 14:01:28] SilentTimeoutTimer fired, shutting down.
[13.09.2026 14:01:28] Window.Closed fired!
[13.09.2026 14:01:28] App.OnExit fired! ExitCode=0
[13.09.2026 14:01:28] ProcessExit fired!
[13.09.2026 14:31:12] App.OnStartup fired.
[13.09.2026 14:31:13] Ctor: isSilent=True, Args=D:\Program Files\HaYTooL-YT-Downloader\bin\HaYTooLPlayer.dll --silent-cookie-refresh
[13.09.2026 14:31:28] SilentTimeoutTimer fired, shutting down.
[13.09.2026 14:31:28] Window.Closed fired!
[13.09.2026 14:31:28] App.OnExit fired! ExitCode=0
[13.09.2026 14:31:28] ProcessExit fired!
[13.09.2026 15:01:13] App.OnStartup fired.
[13.09.2026 15:01:13] Ctor: isSilent=True, Args=D:\Program Files\HaYTooL-YT-Downloader\bin\HaYTooLPlayer.dll --silent-cookie-refresh
[13.09.2026 15:01:28] SilentTimeoutTimer fired, shutting down.
[13.09.2026 15:01:28] Window.Closed fired!
[13.09.2026 15:01:28] App.OnExit fired! ExitCode=0
[13.09.2026 15:01:28] ProcessExit fired!
[13.09.2026 15:31:12] App.OnStartup fired.
[13.09.2026 15:31:13] Ctor: isSilent=True, Args=D:\Program Files\HaYTooL-YT-Downloader\bin\HaYTooLPlayer.dll --silent-cookie-refresh
[13.09.2026 15:31:28] SilentTimeoutTimer fired, shutting down.
[13.09.2026 15:31:28] Window.Closed fired!
[13.09.2026 15:31:28] App.OnExit fired! ExitCode=0
[13.09.2026 15:31:28] ProcessExit fired!
[13.09.2026 16:01:12] App.OnStartup fired.
[13.09.2026 16:01:13] Ctor: isSilent=True, Args=D:\Program Files\HaYTooL-YT-Downloader\bin\HaYTooLPlayer.dll --silent-cookie-refresh
[13.09.2026 16:01:28] SilentTimeoutTimer fired, shutting down.
[13.09.2026 16:01:28] Window.Closed fired!
[13.09.2026 16:01:28] App.OnExit fired! ExitCode=0
[13.09.2026 16:01:28] ProcessExit fired!
[18.09.2026 01:38:24] App.OnStartup fired.
[18.09.2026 01:38:25] Ctor: isSilent=True, Args=D:\Program Files\HaYTooL-YT-Downloader\bin\HaYTooLPlayer.dll --silent-cookie-refresh
[18.09.2026 01:38:40] SilentTimeoutTimer fired, shutting down.
[18.09.2026 01:38:40] Window.Closed fired!
[18.09.2026 01:38:40] App.OnExit fired! ExitCode=0
[18.09.2026 01:38:40] ProcessExit fired!
[18.09.2026 01:40:01] App.OnStartup fired.
[18.09.2026 01:40:02] Ctor: isSilent=False, Args=D:\Program Files\HaYTooL-YT-Downloader\bin\HaYTooLPlayer.dll
[18.09.2026 01:40:03] WebView2 Initialized.
[18.09.2026 01:40:04] NavCompleted: Success=True
[18.09.2026 01:40:47] NavCompleted: Success=True
[18.09.2026 02:22:52] NavCompleted: Success=True
[18.09.2026 13:27:13] App.OnStartup fired.
[18.09.2026 13:27:14] Ctor: isSilent=False, Args=D:\Program Files\HaYTooL-YT-Downloader\bin\HaYTooLPlayer.dll
[18.09.2026 13:27:16] WebView2 Initialized.
[18.09.2026 13:27:30] NavCompleted: Success=True
[18.09.2026 13:57:37] Window.Closed fired!
[18.09.2026 13:57:37] App.OnExit fired! ExitCode=0
[18.09.2026 13:57:37] ProcessExit fired!
[18.09.2026 13:57:39] App.OnStartup fired.
[18.09.2026 13:57:39] Ctor: isSilent=False, Args=D:\Program Files\HaYTooL-YT-Downloader\bin\HaYTooLPlayer.dll
[18.09.2026 13:57:41] WebView2 Initialized.
[18.09.2026 13:57:41] NavCompleted: Success=True
[18.09.2026 14:02:28] Window.Closed fired!
[18.09.2026 14:02:28] App.OnExit fired! ExitCode=0
[18.09.2026 14:02:28] ProcessExit fired!
[18.09.2026 14:02:31] App.OnStartup fired.
[18.09.2026 14:02:31] Ctor: isSilent=False, Args=D:\Program Files\HaYTooL-YT-Downloader\bin\HaYTooLPlayer.dll
[18.09.2026 14:02:32] WebView2 Initialized.
[18.09.2026 14:02:33] NavCompleted: Success=True
[18.09.2026 14:06:21] Window.Closed fired!
[18.09.2026 14:06:21] App.OnExit fired! ExitCode=0
[18.09.2026 14:06:21] ProcessExit fired!
[18.09.2026 14:06:23] App.OnStartup fired.
[18.09.2026 14:06:23] Ctor: isSilent=False, Args=D:\Program Files\HaYTooL-YT-Downloader\bin\HaYTooLPlayer.dll
[18.09.2026 14:06:24] WebView2 Initialized.
[18.09.2026 14:06:25] NavCompleted: Success=True
[18.09.2026 14:17:36] Window.Closed fired!
[18.09.2026 14:17:36] App.OnExit fired! ExitCode=0
[18.09.2026 14:17:36] ProcessExit fired!
[18.09.2026 14:22:34] App.OnStartup fired.
[18.09.2026 14:22:35] Ctor: isSilent=False, Args=D:\Program Files\HaYTooL-YT-Downloader\bin\HaYTooLPlayer.dll
[18.09.2026 14:22:36] WebView2 Initialized.
[18.09.2026 14:22:36] NavCompleted: Success=True
[18.09.2026 14:32:26] Window.Closed fired!
[18.09.2026 14:32:26] App.OnExit fired! ExitCode=0
[18.09.2026 14:32:26] ProcessExit fired!
[18.09.2026 14:32:33] App.OnStartup fired.
[18.09.2026 14:32:33] Ctor: isSilent=False, Args=D:\Program Files\HaYTooL-YT-Downloader\bin\HaYTooLPlayer.dll
[18.09.2026 14:32:34] WebView2 Initialized.
[18.09.2026 14:32:35] NavCompleted: Success=True
[18.09.2026 14:33:28] NavCompleted: Success=True
[18.09.2026 14:35:31] NavCompleted: Success=True
[18.09.2026 14:35:37] Window.Closed fired!
[18.09.2026 14:35:37] App.OnExit fired! ExitCode=0
[18.09.2026 14:35:37] ProcessExit fired!
[18.09.2026 14:35:46] App.OnStartup fired.
[18.09.2026 14:35:46] Ctor: isSilent=False, Args=D:\Program Files\HaYTooL-YT-Downloader\bin\HaYTooLPlayer.dll
[18.09.2026 14:35:47] WebView2 Initialized.
[18.09.2026 14:35:48] NavCompleted: Success=True
[18.09.2026 14:39:58] Window.Closed fired!
[18.09.2026 14:39:58] App.OnExit fired! ExitCode=0
[18.09.2026 14:39:58] ProcessExit fired!
[18.09.2026 14:40:01] App.OnStartup fired.
[18.09.2026 14:40:01] Ctor: isSilent=False, Args=D:\Program Files\HaYTooL-YT-Downloader\bin\HaYTooLPlayer.dll
[18.09.2026 14:40:02] WebView2 Initialized.
[18.09.2026 14:40:03] NavCompleted: Success=True
[18.09.2026 17:11:01] [CRASH Task] System.AggregateException: A Task's exception(s) were not observed either by Waiting on the Task or accessing its Exception property. As a result, the unobserved exception was rethrown by the finalizer thread. (Bir iş parçacığı çıkışı veya bir uygulama isteği nedeniyle G/Ç işlemi iptal edildi.)
 ---> System.Net.Sockets.SocketException (995): Bir iş parçacığı çıkışı veya bir uygulama isteği nedeniyle G/Ç işlemi iptal edildi.
   at System.Net.Sockets.Socket.AwaitableSocketAsyncEventArgs.ThrowException(SocketError error, CancellationToken cancellationToken)
   at System.Net.Sockets.Socket.AwaitableSocketAsyncEventArgs.System.Threading.Tasks.Sources.IValueTaskSource.GetResult(Int16 token)
   at System.Threading.Tasks.ValueTask.ValueTaskSourceAsTask.<>c.<.cctor>b__4_0(Object state)
   --- End of inner exception stack trace ---
[19.09.2026 04:38:38] App.OnStartup fired.
[19.09.2026 04:38:39] Ctor: isSilent=True, Args=D:\Program Files\HaYTooL-YT-Downloader\bin\HaYTooLPlayer.dll --silent-cookie-refresh
[19.09.2026 04:38:54] SilentTimeoutTimer fired, shutting down.
[19.09.2026 04:38:54] Window.Closed fired!
[19.09.2026 04:38:54] App.OnExit fired! ExitCode=0
[19.09.2026 04:38:54] ProcessExit fired!
[19.09.2026 04:50:26] App.OnStartup fired.
[19.09.2026 04:50:27] Ctor: isSilent=False, Args=D:\Program Files\HaYTooL-YT-Downloader\bin\HaYTooLPlayer.dll
[19.09.2026 04:50:28] WebView2 Initialized.
[19.09.2026 04:50:29] NavCompleted: Success=True
[19.09.2026 04:50:45] NavCompleted: Success=False
[19.09.2026 04:50:47] NavCompleted: Success=True
[19.09.2026 04:50:49] Window.Closed fired!
[19.09.2026 04:50:49] App.OnExit fired! ExitCode=0
[19.09.2026 04:50:49] ProcessExit fired!
[19.09.2026 04:50:52] App.OnStartup fired.
[19.09.2026 04:50:52] Ctor: isSilent=False, Args=D:\Program Files\HaYTooL-YT-Downloader\bin\HaYTooLPlayer.dll /downlist
[19.09.2026 04:50:53] WebView2 Initialized.
[19.09.2026 04:50:53] NavCompleted: Success=False
[19.09.2026 04:50:56] NavCompleted: Success=False
[19.09.2026 04:50:58] Window.Closed fired!
[19.09.2026 04:50:58] App.OnExit fired! ExitCode=0
[19.09.2026 04:50:58] ProcessExit fired!
[19.09.2026 04:50:59] App.OnStartup fired.
[19.09.2026 04:50:59] Ctor: isSilent=False, Args=D:\Program Files\HaYTooL-YT-Downloader\bin\HaYTooLPlayer.dll
[19.09.2026 04:51:00] WebView2 Initialized.
[19.09.2026 04:51:00] NavCompleted: Success=True
[19.09.2026 13:45:35] App.OnStartup fired.
[19.09.2026 13:45:37] Ctor: isSilent=False, Args=D:\Program Files\HaYTooL-YT-Downloader\bin\HaYTooLPlayer.dll
[19.09.2026 13:45:40] WebView2 Initialized.
[19.09.2026 13:45:53] NavCompleted: Success=True
[19.09.2026 15:39:06] App.OnStartup fired.
[19.09.2026 15:39:07] Ctor: isSilent=True, Args=D:\Program Files\HaYTooL-YT-Downloader\bin\HaYTooLPlayer.dll --silent-cookie-refresh
[19.09.2026 15:39:22] SilentTimeoutTimer fired, shutting down.
[19.09.2026 15:39:22] Window.Closed fired!
[19.09.2026 15:39:22] App.OnExit fired! ExitCode=0
[19.09.2026 15:39:22] ProcessExit fired!
[19.09.2026 16:09:04] App.OnStartup fired.
[19.09.2026 16:09:04] Ctor: isSilent=True, Args=D:\Program Files\HaYTooL-YT-Downloader\bin\HaYTooLPlayer.dll --silent-cookie-refresh
[19.09.2026 16:09:19] SilentTimeoutTimer fired, shutting down.
[19.09.2026 16:09:19] Window.Closed fired!
[19.09.2026 16:09:19] App.OnExit fired! ExitCode=0
[19.09.2026 16:09:19] ProcessExit fired!
[19.09.2026 16:39:04] App.OnStartup fired.
[19.09.2026 16:39:04] Ctor: isSilent=True, Args=D:\Program Files\HaYTooL-YT-Downloader\bin\HaYTooLPlayer.dll --silent-cookie-refresh
[19.09.2026 16:39:19] SilentTimeoutTimer fired, shutting down.
[19.09.2026 16:39:19] Window.Closed fired!
[19.09.2026 16:39:19] App.OnExit fired! ExitCode=0
[19.09.2026 16:39:19] ProcessExit fired!
[20.09.2026 00:32:43] App.OnStartup fired.
[20.09.2026 00:32:45] Ctor: isSilent=True, Args=D:\Program Files\HaYTooL-YT-Downloader\bin\HaYTooLPlayer.dll --silent-cookie-refresh
[20.09.2026 00:33:00] SilentTimeoutTimer fired, shutting down.
[20.09.2026 00:33:00] Window.Closed fired!
[20.09.2026 00:33:00] App.OnExit fired! ExitCode=0
[20.09.2026 00:33:00] ProcessExit fired!
[20.09.2026 01:02:42] App.OnStartup fired.
[20.09.2026 01:02:42] Ctor: isSilent=True, Args=D:\Program Files\HaYTooL-YT-Downloader\bin\HaYTooLPlayer.dll --silent-cookie-refresh
[20.09.2026 01:02:57] SilentTimeoutTimer fired, shutting down.
[20.09.2026 01:02:57] Window.Closed fired!
[20.09.2026 01:02:57] App.OnExit fired! ExitCode=0
[20.09.2026 01:02:57] ProcessExit fired!
[20.09.2026 01:19:07] App.OnStartup fired.
[20.09.2026 01:19:07] Ctor: isSilent=False, Args=D:\Program Files\HaYTooL-YT-Downloader\bin\HaYTooLPlayer.dll
[20.09.2026 01:19:08] WebView2 Initialized.
[20.09.2026 01:19:09] NavCompleted: Success=True
[20.09.2026 01:33:38] Window.Closed fired!
[20.09.2026 01:33:39] App.OnExit fired! ExitCode=0
[20.09.2026 01:33:39] ProcessExit fired!
[20.09.2026 01:33:41] App.OnStartup fired.
[20.09.2026 01:33:42] Ctor: isSilent=False, Args=D:\Program Files\HaYTooL-YT-Downloader\bin\HaYTooLPlayer.dll
[20.09.2026 01:33:42] WebView2 Initialized.
[20.09.2026 01:33:43] NavCompleted: Success=True
[20.09.2026 01:33:49] Window.Closed fired!
[20.09.2026 01:33:49] App.OnExit fired! ExitCode=0
[20.09.2026 01:33:50] ProcessExit fired!
[20.09.2026 01:33:59] App.OnStartup fired.
[20.09.2026 01:33:59] Ctor: isSilent=False, Args=D:\Program Files\HaYTooL-YT-Downloader\bin\HaYTooLPlayer.dll
[20.09.2026 01:34:01] WebView2 Initialized.
[20.09.2026 01:34:02] NavCompleted: Success=True
[20.09.2026 01:34:30] NavCompleted: Success=True
[20.09.2026 01:35:02] NavCompleted: Success=False
[20.09.2026 01:35:07] NavCompleted: Success=False
[20.09.2026 01:35:10] Window.Closed fired!
[20.09.2026 01:35:10] App.OnExit fired! ExitCode=0
[20.09.2026 01:35:11] ProcessExit fired!
[20.09.2026 01:35:13] App.OnStartup fired.
[20.09.2026 01:35:13] Ctor: isSilent=False, Args=D:\Program Files\HaYTooL-YT-Downloader\bin\HaYTooLPlayer.dll
[20.09.2026 01:35:14] WebView2 Initialized.
[20.09.2026 01:35:15] NavCompleted: Success=True
[20.09.2026 01:35:43] NavCompleted: Success=True
[20.09.2026 03:02:58] NavCompleted: Success=True
[20.09.2026 04:12:01] Window.Closed fired!
[20.09.2026 04:12:01] App.OnExit fired! ExitCode=0
[20.09.2026 04:12:01] ProcessExit fired!
[20.09.2026 12:57:58] App.OnStartup fired.
[20.09.2026 12:57:58] Ctor: isSilent=True, Args=D:\Program Files\HaYTooL-YT-Downloader\bin\HaYTooLPlayer.dll --silent-cookie-refresh
[20.09.2026 12:58:13] SilentTimeoutTimer fired, shutting down.
[20.09.2026 12:58:13] Window.Closed fired!
[20.09.2026 12:58:13] App.OnExit fired! ExitCode=0
[20.09.2026 12:58:13] ProcessExit fired!
[20.09.2026 13:00:54] App.OnStartup fired.
[20.09.2026 13:00:55] Ctor: isSilent=False, Args=D:\Program Files\HaYTooL-YT-Downloader\bin\HaYTooLPlayer.dll
[20.09.2026 13:00:58] WebView2 Initialized.
[20.09.2026 13:01:00] NavCompleted: Success=True
[21.09.2026 02:07:38] Window.Closed fired!
[21.09.2026 02:07:38] App.OnExit fired! ExitCode=0
[21.09.2026 02:07:38] ProcessExit fired!
[21.09.2026 02:15:20] App.OnStartup fired.
[21.09.2026 02:15:20] Ctor: isSilent=False, Args=D:\Program Files\HaYTooL-YT-Downloader\bin\HaYTooLPlayer.dll
[21.09.2026 02:15:21] WebView2 Initialized.
[21.09.2026 02:15:23] NavCompleted: Success=True
[21.09.2026 02:17:50] Window.Closed fired!
[21.09.2026 02:17:50] App.OnExit fired! ExitCode=0
[21.09.2026 02:17:51] ProcessExit fired!
[21.09.2026 02:48:44] App.OnStartup fired.
[21.09.2026 02:48:44] Ctor: isSilent=False, Args=D:\Program Files\HaYTooL-YT-Downloader\bin\HaYTooLPlayer.dll
[21.09.2026 02:48:45] WebView2 Initialized.
[21.09.2026 02:48:46] NavCompleted: Success=True
[21.09.2026 03:05:26] Window.Closed fired!
[21.09.2026 03:05:26] App.OnExit fired! ExitCode=0
[21.09.2026 03:05:26] ProcessExit fired!
[21.09.2026 03:05:28] App.OnStartup fired.
[21.09.2026 03:05:28] Ctor: isSilent=False, Args=D:\Program Files\HaYTooL-YT-Downloader\bin\HaYTooLPlayer.dll
[21.09.2026 03:05:29] WebView2 Initialized.
[21.09.2026 03:05:30] NavCompleted: Success=True
[21.09.2026 03:06:58] NavCompleted: Success=True
[21.09.2026 03:18:56] Window.Closed fired!
[21.09.2026 03:18:56] App.OnExit fired! ExitCode=0
[21.09.2026 03:18:56] ProcessExit fired!
[21.09.2026 03:18:58] App.OnStartup fired.
[21.09.2026 03:18:58] Ctor: isSilent=False, Args=D:\Program Files\HaYTooL-YT-Downloader\bin\HaYTooLPlayer.dll
[21.09.2026 03:18:59] WebView2 Initialized.
[21.09.2026 03:19:00] NavCompleted: Success=True
[21.09.2026 03:26:48] Window.Closed fired!
[21.09.2026 03:26:48] App.OnExit fired! ExitCode=0
[21.09.2026 03:26:48] ProcessExit fired!
[21.09.2026 03:27:05] App.OnStartup fired.
[21.09.2026 03:27:05] Ctor: isSilent=False, Args=D:\Program Files\HaYTooL-YT-Downloader\bin\HaYTooLPlayer.dll
[21.09.2026 03:27:06] WebView2 Initialized.
[21.09.2026 03:27:07] NavCompleted: Success=True
[21.09.2026 03:32:00] Window.Closed fired!
[21.09.2026 03:32:00] App.OnExit fired! ExitCode=0
[21.09.2026 03:32:00] ProcessExit fired!
[21.09.2026 03:32:02] App.OnStartup fired.
[21.09.2026 03:32:02] Ctor: isSilent=False, Args=D:\Program Files\HaYTooL-YT-Downloader\bin\HaYTooLPlayer.dll
[21.09.2026 03:32:03] WebView2 Initialized.
[21.09.2026 03:32:04] NavCompleted: Success=True
[21.09.2026 03:33:20] NavCompleted: Success=True
[21.09.2026 03:39:39] Window.Closed fired!
[21.09.2026 03:39:39] App.OnExit fired! ExitCode=0
[21.09.2026 03:39:39] ProcessExit fired!
[21.09.2026 03:39:47] App.OnStartup fired.
[21.09.2026 03:39:48] Ctor: isSilent=False, Args=D:\Program Files\HaYTooL-YT-Downloader\bin\HaYTooLPlayer.dll
[21.09.2026 03:39:49] WebView2 Initialized.
[21.09.2026 03:39:49] NavCompleted: Success=True
[21.09.2026 03:46:31] Window.Closed fired!
[21.09.2026 03:46:31] App.OnExit fired! ExitCode=0
[21.09.2026 03:46:31] ProcessExit fired!
[21.09.2026 03:46:33] App.OnStartup fired.
[21.09.2026 03:46:34] Ctor: isSilent=False, Args=D:\Program Files\HaYTooL-YT-Downloader\bin\HaYTooLPlayer.dll
[21.09.2026 03:46:34] WebView2 Initialized.
[21.09.2026 03:46:35] NavCompleted: Success=True
[21.09.2026 03:53:59] Window.Closed fired!
[21.09.2026 03:53:59] App.OnExit fired! ExitCode=0
[21.09.2026 03:54:00] ProcessExit fired!
[21.09.2026 03:54:01] App.OnStartup fired.
[21.09.2026 03:54:01] Ctor: isSilent=False, Args=D:\Program Files\HaYTooL-YT-Downloader\bin\HaYTooLPlayer.dll
[21.09.2026 03:54:02] WebView2 Initialized.
[21.09.2026 03:54:03] NavCompleted: Success=True
[21.09.2026 04:05:43] NavCompleted: Success=True
[21.09.2026 04:11:21] Window.Closed fired!
[21.09.2026 04:11:21] App.OnExit fired! ExitCode=0
[21.09.2026 04:11:21] ProcessExit fired!
[21.09.2026 04:11:23] App.OnStartup fired.
[21.09.2026 04:11:23] Ctor: isSilent=False, Args=D:\Program Files\HaYTooL-YT-Downloader\bin\HaYTooLPlayer.dll
[21.09.2026 04:11:24] WebView2 Initialized.
[21.09.2026 04:11:25] NavCompleted: Success=True
[21.09.2026 04:11:45] NavCompleted: Success=True
[21.09.2026 04:15:59] NavCompleted: Success=True
[21.09.2026 04:16:07] NavCompleted: Success=True
[21.09.2026 04:16:35] NavCompleted: Success=True
[21.09.2026 04:17:15] NavCompleted: Success=True
[21.09.2026 04:17:39] NavCompleted: Success=True
[21.09.2026 04:17:52] NavCompleted: Success=True
[21.09.2026 04:17:58] NavCompleted: Success=True
[21.09.2026 04:18:21] NavCompleted: Success=True
[21.09.2026 04:18:26] Window.Closed fired!
[21.09.2026 04:18:26] App.OnExit fired! ExitCode=0
[21.09.2026 04:18:26] ProcessExit fired!
[21.09.2026 04:18:28] App.OnStartup fired.
[21.09.2026 04:18:28] Ctor: isSilent=False, Args=D:\Program Files\HaYTooL-YT-Downloader\bin\HaYTooLPlayer.dll
[21.09.2026 04:18:29] WebView2 Initialized.
[21.09.2026 04:18:30] NavCompleted: Success=True
[21.09.2026 04:27:01] NavCompleted: Success=True
[21.09.2026 13:08:24] App.OnStartup fired.
[21.09.2026 13:08:24] Ctor: isSilent=True, Args=D:\Program Files\HaYTooL-YT-Downloader\bin\HaYTooLPlayer.dll --silent-cookie-refresh
[21.09.2026 13:08:39] SilentTimeoutTimer fired, shutting down.
[21.09.2026 13:08:39] Window.Closed fired!
[21.09.2026 13:08:39] App.OnExit fired! ExitCode=0
[21.09.2026 13:08:39] ProcessExit fired!
[21.09.2026 13:29:30] App.OnStartup fired.
[21.09.2026 13:29:30] Ctor: isSilent=False, Args=D:\Program Files\HaYTooL-YT-Downloader\bin\HaYTooLPlayer.dll
[21.09.2026 13:29:31] WebView2 Initialized.
[21.09.2026 13:29:32] NavCompleted: Success=True
[21.09.2026 14:08:38] NavCompleted: Success=True
[22.09.2026 13:38:03] App.OnStartup fired.
[22.09.2026 13:38:04] Ctor: isSilent=True, Args=D:\Program Files\HaYTooL-YT-Downloader\bin\HaYTooLPlayer.dll --silent-cookie-refresh
[22.09.2026 13:38:19] SilentTimeoutTimer fired, shutting down.
[22.09.2026 13:38:19] Window.Closed fired!
[22.09.2026 13:38:19] App.OnExit fired! ExitCode=0
[22.09.2026 13:38:19] ProcessExit fired!
[22.09.2026 18:43:21] App.OnStartup fired.
[22.09.2026 18:43:23] Ctor: isSilent=True, Args=D:\Program Files\HaYTooL-YT-Downloader\bin\HaYTooLPlayer.dll --silent-cookie-refresh
[22.09.2026 18:43:38] SilentTimeoutTimer fired, shutting down.
[22.09.2026 18:43:38] Window.Closed fired!
[22.09.2026 18:43:38] App.OnExit fired! ExitCode=0
[22.09.2026 18:43:38] ProcessExit fired!
[22.09.2026 18:46:20] App.OnStartup fired.
[22.09.2026 18:46:20] Ctor: isSilent=False, Args=D:\Program Files\HaYTooL-YT-Downloader\bin\HaYTooLPlayer.dll /downlist
[22.09.2026 18:46:21] WebView2 Initialized.
[22.09.2026 18:46:21] NavCompleted: Success=False
[22.09.2026 18:46:26] Window.Closed fired!
[22.09.2026 18:46:26] App.OnExit fired! ExitCode=0
[22.09.2026 18:46:26] ProcessExit fired!
[22.09.2026 18:46:27] App.OnStartup fired.
[22.09.2026 18:46:28] Ctor: isSilent=False, Args=D:\Program Files\HaYTooL-YT-Downloader\bin\HaYTooLPlayer.dll
[22.09.2026 18:46:28] WebView2 Initialized.
[22.09.2026 18:46:29] NavCompleted: Success=True
[22.09.2026 19:43:14] NavCompleted: Success=True
[22.09.2026 20:35:33] Window.Closed fired!
[22.09.2026 20:35:33] App.OnExit fired! ExitCode=0
[22.09.2026 20:35:33] ProcessExit fired!
[22.09.2026 20:35:38] App.OnStartup fired.
[22.09.2026 20:35:38] Ctor: isSilent=False, Args=D:\Program Files\HaYTooL-YT-Downloader\bin\HaYTooLPlayer.dll
[22.09.2026 20:35:40] WebView2 Initialized.
[22.09.2026 20:35:55] NavCompleted: Success=False
[22.09.2026 20:35:56] NavCompleted: Success=False
[22.09.2026 20:36:01] NavCompleted: Success=False
[22.09.2026 20:36:03] Window.Closed fired!
[22.09.2026 20:36:03] App.OnExit fired! ExitCode=0
[22.09.2026 20:36:03] ProcessExit fired!
[22.09.2026 20:36:56] App.OnStartup fired.
[22.09.2026 20:36:57] Ctor: isSilent=False, Args=D:\Program Files\HaYTooL-YT-Downloader\bin\HaYTooLPlayer.dll
[22.09.2026 20:36:58] WebView2 Initialized.
[22.09.2026 20:36:59] NavCompleted: Success=True
[22.09.2026 20:38:10] Window.Closed fired!
[22.09.2026 20:38:10] App.OnExit fired! ExitCode=0
[22.09.2026 20:38:10] ProcessExit fired!
[22.09.2026 20:38:13] App.OnStartup fired.
[22.09.2026 20:38:13] Ctor: isSilent=False, Args=D:\Program Files\HaYTooL-YT-Downloader\bin\HaYTooLPlayer.dll
[22.09.2026 20:38:14] WebView2 Initialized.
[22.09.2026 20:38:15] NavCompleted: Success=True
[22.09.2026 20:57:46] Window.Closed fired!
[22.09.2026 20:57:46] App.OnExit fired! ExitCode=0
[22.09.2026 20:57:46] ProcessExit fired!
[22.09.2026 21:14:29] App.OnStartup fired.
[22.09.2026 21:14:30] Ctor: isSilent=False, Args=D:\Program Files\HaYTooL-YT-Downloader\bin\HaYTooLPlayer.dll
[22.09.2026 21:14:31] WebView2 Initialized.
[22.09.2026 21:14:32] NavCompleted: Success=True
[22.09.2026 21:15:02] Window.Closed fired!
[22.09.2026 21:15:02] App.OnExit fired! ExitCode=0
[22.09.2026 21:15:02] ProcessExit fired!
[22.09.2026 21:15:23] App.OnStartup fired.
[22.09.2026 21:15:23] Ctor: isSilent=False, Args=D:\Program Files\HaYTooL-YT-Downloader\bin\HaYTooLPlayer.dll /downlist
[22.09.2026 21:15:24] WebView2 Initialized.
[22.09.2026 21:15:24] NavCompleted: Success=False
[22.09.2026 21:15:38] Window.Closed fired!
[22.09.2026 21:15:39] App.OnExit fired! ExitCode=0
[22.09.2026 21:15:39] ProcessExit fired!
[22.09.2026 21:15:41] App.OnStartup fired.
[22.09.2026 21:15:41] Ctor: isSilent=False, Args=D:\Program Files\HaYTooL-YT-Downloader\bin\HaYTooLPlayer.dll /downlist
[22.09.2026 21:15:42] WebView2 Initialized.
[22.09.2026 21:15:42] NavCompleted: Success=False
[22.09.2026 21:15:44] Window.Closed fired!
[22.09.2026 21:15:45] App.OnExit fired! ExitCode=0
[22.09.2026 21:15:45] ProcessExit fired!
[22.09.2026 21:16:11] App.OnStartup fired.
[22.09.2026 21:16:12] Ctor: isSilent=False, Args=D:\Program Files\HaYTooL-YT-Downloader\bin\HaYTooLPlayer.dll
[22.09.2026 21:16:13] WebView2 Initialized.
[22.09.2026 21:16:13] NavCompleted: Success=True
[22.09.2026 21:27:46] NavCompleted: Success=True
[22.09.2026 21:42:49] Window.Closed fired!
[22.09.2026 21:42:49] App.OnExit fired! ExitCode=0
[22.09.2026 21:42:49] ProcessExit fired!
[22.09.2026 21:52:48] App.OnStartup fired.
[22.09.2026 21:52:49] Ctor: isSilent=False, Args=D:\Program Files\HaYTooL-YT-Downloader\bin\HaYTooLPlayer.dll
[22.09.2026 21:52:50] WebView2 Initialized.
[22.09.2026 21:52:51] NavCompleted: Success=True
[22.09.2026 21:53:31] NavCompleted: Success=True
